Archive member included to satisfy reference by file (symbol)

/home/allyson/Desktop/nds_poc/nflib/lib/libnflib.a(nf_2d.o)
                              main.o (NF_Set2D)
/home/allyson/Desktop/nds_poc/nflib/lib/libnflib.a(nf_basic.o)
                              /home/allyson/Desktop/nds_poc/nflib/lib/libnflib.a(nf_2d.o) (NF_Error)
/home/allyson/Desktop/nds_poc/nflib/lib/libnflib.a(nf_text.o)
                              main.o (NF_InitTextSys)
/home/allyson/Desktop/nds_poc/nflib/lib/libnflib.a(nf_tiledbg.o)
                              main.o (NF_InitTiledBgBuffers)
/home/allyson/Desktop/nds_poc/nflib/lib/libnflib.a(nf_sprite256.o)
                              main.o (NF_InitSpriteBuffers)
/opt/devkitpro/libnds/lib/libfilesystem.a(nitrofs.o)
                              /home/allyson/Desktop/nds_poc/nflib/lib/libnflib.a(nf_basic.o) (nitroFSInit)
/opt/devkitpro/libnds/lib/libfat.a(libfat.o)
                              /home/allyson/Desktop/nds_poc/nflib/lib/libnflib.a(nf_basic.o) (fatInitDefault)
/opt/devkitpro/libnds/lib/libfat.a(disc.o)
                              /opt/devkitpro/libnds/lib/libfat.a(libfat.o) (_FAT_disc_interfaces)
/opt/devkitpro/libnds/lib/libfat.a(fatfile.o)
                              /opt/devkitpro/libnds/lib/libfat.a(libfat.o) (_FAT_open_r)
/opt/devkitpro/libnds/lib/libfat.a(cache.o)
                              /opt/devkitpro/libnds/lib/libfat.a(fatfile.o) (_FAT_cache_readSectors)
/opt/devkitpro/libnds/lib/libfat.a(fatdir.o)
                              /opt/devkitpro/libnds/lib/libfat.a(libfat.o) (_FAT_stat_r)
/opt/devkitpro/libnds/lib/libfat.a(directory.o)
                              /opt/devkitpro/libnds/lib/libfat.a(fatfile.o) (_FAT_directory_entryGetCluster)
/opt/devkitpro/libnds/lib/libfat.a(partition.o)
                              /opt/devkitpro/libnds/lib/libfat.a(libfat.o) (_FAT_partition_destructor)
/opt/devkitpro/libnds/lib/libfat.a(lock.o)
                              /opt/devkitpro/libnds/lib/libfat.a(partition.o) (_FAT_lock_init)
/opt/devkitpro/libnds/lib/libfat.a(filetime.o)
                              /opt/devkitpro/libnds/lib/libfat.a(fatfile.o) (_FAT_filetime_getTimeFromRTC)
/opt/devkitpro/libnds/lib/libfat.a(file_allocation_table.o)
                              /opt/devkitpro/libnds/lib/libfat.a(fatfile.o) (_FAT_fat_nextCluster)
/opt/devkitpro/libnds/lib/libnds9.a(video.o)
                              /home/allyson/Desktop/nds_poc/nflib/lib/libnflib.a(nf_basic.o) (setBrightness)
/opt/devkitpro/libnds/lib/libnds9.a(console.o)
                              main.o (consoleDemoInit)
/opt/devkitpro/libnds/lib/libnds9.a(sprite.o)
                              /home/allyson/Desktop/nds_poc/nflib/lib/libnflib.a(nf_sprite256.o) (oamInit)
/opt/devkitpro/libnds/lib/libnds9.a(keys.o)
                              main.o (scanKeys)
/opt/devkitpro/libnds/lib/libnds9.a(dldi.o)
                              /opt/devkitpro/libnds/lib/libfat.a(disc.o) (dldiGetInternal)
/opt/devkitpro/libnds/lib/libnds9.a(initSystem.o)
                              /opt/devkitpro/devkitARM/bin/../lib/gcc/arm-none-eabi/11.1.0/../../../../arm-none-eabi/lib/thumb/ds_arm9_crt0.o (initSystem)
/opt/devkitpro/libnds/lib/libnds9.a(timeSupport.o)
                              /opt/devkitpro/libnds/lib/libnds9.a(initSystem.o) (__libnds_gtod)
/opt/devkitpro/libnds/lib/libnds9.a(securearea.o)
                              /opt/devkitpro/devkitARM/bin/../lib/gcc/arm-none-eabi/11.1.0/../../../../arm-none-eabi/lib/thumb/ds_arm9_crt0.o (__secure_area__)
/opt/devkitpro/libnds/lib/libnds9.a(interrupts.o)
                              /opt/devkitpro/libnds/lib/libnds9.a(initSystem.o) (irqInit)
/opt/devkitpro/libnds/lib/libnds9.a(libnds_exit.arm.o)
                              /opt/devkitpro/devkitARM/bin/../lib/gcc/arm-none-eabi/11.1.0/../../../../arm-none-eabi/lib/thumb/ds_arm9_crt0.o (__libnds_exit)
/opt/devkitpro/libnds/lib/libnds9.a(card.o)
                              /opt/devkitpro/libnds/lib/libfilesystem.a(nitrofs.o) (cardParamCommand)
/opt/devkitpro/libnds/lib/libnds9.a(fifosystem.o)
                              /opt/devkitpro/libnds/lib/libnds9.a(initSystem.o) (fifoSetValue32Handler)
/opt/devkitpro/libnds/lib/libnds9.a(dcache.o)
                              /home/allyson/Desktop/nds_poc/nflib/lib/libnflib.a(nf_basic.o) (DC_FlushRange)
/opt/devkitpro/libnds/lib/libnds9.a(dldi_stub.o)
                              /opt/devkitpro/libnds/lib/libnds9.a(dldi.o) (_io_dldi_stub)
/opt/devkitpro/libnds/lib/libnds9.a(mpu_setup.o)
                              /opt/devkitpro/devkitARM/bin/../lib/gcc/arm-none-eabi/11.1.0/../../../../arm-none-eabi/lib/thumb/ds_arm9_crt0.o (__libnds_mpu_setup)
/opt/devkitpro/libnds/lib/libnds9.a(IntrWait.o)
                              main.o (swiWaitForVBlank)
/opt/devkitpro/libnds/lib/libnds9.a(cpu_clock.o)
                              /opt/devkitpro/libnds/lib/libnds9.a(initSystem.o) (setCpuClock)
/opt/devkitpro/libnds/lib/libnds9.a(interruptDispatcher.o)
[...]
Memory Configuration

Name             Origin             Length             Attributes
ewram            0x0000000002000000 0x0000000000380000
dtcm             0x0000000002ff0000 0x0000000000004000
vectors          0x0000000001000000 0x0000000000000100
itcm             0x0000000001000100 0x0000000000007f00
*default*        0x0000000000000000 0xffffffffffffffff

Linker script and memory map

                0x0000000002380000                __ewram_end = (ORIGIN (ewram) + LENGTH (ewram))
                0x0000000002380000                __eheap_end = (ORIGIN (ewram) + LENGTH (ewram))
                0x0000000002ff4000                __dtcm_top = (ORIGIN (dtcm) + LENGTH (dtcm))
                0x0000000002ff3ff8                __irq_flags = (__dtcm_top - 0x8)
                0x0000000002ff3ffc                __irq_vector = (__dtcm_top - 0x4)
                0x0000000002ff3f00                __sp_svc = (__dtcm_top - 0x100)
                0x0000000002ff3e00                __sp_irq = (__sp_svc - 0x100)
                0x0000000002ff3d00                __sp_usr = (__sp_irq - 0x100)

.secure         0x0000000002000000      0x800
 *(.secure)
 .secure        0x0000000002000000      0x800 /opt/devkitpro/libnds/lib/libnds9.a(securearea.o)
                0x0000000002000000                __secure_area__

.crt0           0x0000000002000800      0x300
                0x0000000002000800                __text_start = .
 *(.crt0)
 .crt0          0x0000000002000800      0x300 /opt/devkitpro/devkitARM/bin/../lib/gcc/arm-none-eabi/11.1.0/../../../../arm-none-eabi/lib/thumb/ds_arm9_crt0.o
                0x0000000002000800                _start
                0x0000000002000b00                . = ALIGN (0x4)

.plt
 *(.plt)

.init           0x0000000002000b00        0xc
 *(SORT_NONE(.init))
 .init          0x0000000002000b00        0x4 /opt/devkitpro/devkitARM/bin/../lib/gcc/arm-none-eabi/11.1.0/thumb/crti.o
                0x0000000002000b00                _init
 .init          0x0000000002000b04        0x8 /opt/devkitpro/devkitARM/bin/../lib/gcc/arm-none-eabi/11.1.0/thumb/crtn.o

.text           0x0000000002000b40    0x1de58
 *(EXCLUDE_FILE(*.twl* *.vectors* *.itcm*) .text)
 .text          0x0000000002000b40       0x48 main.o
                0x0000000002000b40                initConsole()
 .text          0x0000000002000b88      0x818 /home/allyson/Desktop/nds_poc/nflib/lib/libnflib.a(nf_2d.o)
                0x0000000002000b88                NF_Set2D
                0x0000000002000bec                NF_ShowBg
                0x0000000002000c6c                NF_HideBg
                0x0000000002000d08                NF_ScrollBg
                0x0000000002001050                NF_MoveSprite
                0x0000000002001070                NF_SpriteLayer
                0x000000000200108c                NF_ShowSprite
                0x00000000020010ac                NF_HflipSprite
                0x00000000020010c8                NF_GetSpriteHflip
                0x00000000020010e4                NF_VflipSprite
                0x0000000002001100                NF_GetSpriteVflip
                0x000000000200111c                NF_SpriteFrame
                0x00000000020011e8                NF_EnableSpriteRotScale
                0x0000000002001288                NF_DisableSpriteRotScale
                0x00000000020012fc                NF_SpriteRotScale
 .text          0x00000000020013a0      0x498 /home/allyson/Desktop/nds_poc/nflib/lib/libnflib.a(nf_basic.o)
                0x00000000020013a0                NF_Error
                0x000000000200164c                NF_SetRootFolder
                0x00000000020017a4                NF_DmaMemCopy
                0x0000000002001828                NF_GetLanguage
 .text          0x0000000002001838      0x828 /home/allyson/Desktop/nds_poc/nflib/lib/libnflib.a(nf_text.o)
                0x0000000002001838                NF_InitTextSys
                0x0000000002001868                NF_LoadTextFont
                0x0000000002001aa4                NF_UnloadTextFont
                0x0000000002001aac                NF_CreateTextLayer
                0x0000000002001b40                NF_DeleteTextLayer
                0x0000000002001b98                NF_WriteText
                0x0000000002001ee4                NF_UpdateTextLayers
                0x0000000002001f38                NF_ClearTextLayer
                0x0000000002001fa0                NF_DefineTextColor
                0x0000000002002044                NF_SetTextColor
 .text          0x0000000002002060     0x194c /home/allyson/Desktop/nds_poc/nflib/lib/libnflib.a(nf_tiledbg.o)
                0x0000000002002060                NF_InitTiledBgBuffers
                0x00000000020020ec                NF_ResetTiledBgBuffers
                0x0000000002002148                NF_InitTiledBgSys
                0x0000000002002268                NF_LoadTiledBg
                0x00000000020024e0                NF_LoadTilesForBg
                0x0000000002002750                NF_UnloadTiledBg
                0x0000000002002800                NF_DeleteTiledBg
                0x00000000020029bc                NF_CreateTiledBg
                0x0000000002002fb0                NF_GetTileMapAddress
                0x0000000002003064                NF_GetTileOfMap
                0x000000000200309c                NF_SetTileOfMap
                0x00000000020030e0                NF_UpdateVramMap
                0x0000000002003208                NF_BgSetPalColor
                0x00000000020032b4                NF_BgEditPalColor
                0x0000000002003358                NF_BgUpdatePalette
                0x0000000002003418                NF_BgGetPalColor
                0x00000000020034b0                NF_GetTilePal
                0x00000000020034e4                NF_SetTilePal
                0x0000000002003528                NF_LoadExBgPal
                0x0000000002003610                NF_UnloadExBgPal
                0x0000000002003660                NF_VramExBgPal
                0x0000000002003708                NF_SetExBgPal
                0x00000000020037d8                NF_SetTileHflip
                0x0000000002003810                NF_SetTileVflip
                0x0000000002003848                NF_RotateTileGfx
 .text          0x00000000020039ac     0x1378 /home/allyson/Desktop/nds_poc/nflib/lib/libnflib.a(nf_sprite256.o)
                0x00000000020039ac                NF_InitSpriteBuffers
                0x0000000002003a08                NF_ResetSpriteBuffers
                0x0000000002003a3c                NF_InitSpriteSys
                0x0000000002003c44                NF_LoadSpriteGfx
                0x0000000002003d6c                NF_UnloadSpriteGfx
                0x0000000002003de4                NF_LoadSpritePal
                0x0000000002003ed8                NF_UnloadSpritePal
                0x0000000002003f34                NF_VramSpriteGfx
                0x0000000002004258                NF_VramSpriteGfxDefrag
                0x0000000002004478                NF_FreeSpriteGfx
                0x0000000002004560                NF_VramSpritePal
                0x0000000002004644                NF_CreateSprite
                0x00000000020049b4                NF_DeleteSprite
                0x0000000002004a48                NF_SpriteOamSet
                0x0000000002004b0c                NF_SpriteSetPalColor
                0x0000000002004ba4                NF_SpriteEditPalColor
                0x0000000002004c20                NF_SpriteUpdatePalette
                0x0000000002004cb4                NF_SpriteGetPalColor
 *fill*         0x0000000002004d24       0x1c ff
 .text          0x0000000002004d40     0x4000 /opt/devkitpro/libnds/lib/libnds9.a(dldi_stub.o)
                0x0000000002004d40                _io_dldi_stub
 .text          0x0000000002008d40      0x11c /opt/devkitpro/devkitARM/bin/../lib/gcc/arm-none-eabi/11.1.0/thumb/libgcc.a(_udivsi3.o)
                0x0000000002008d40                __udivsi3
                0x0000000002008d40                __aeabi_uidiv
                0x0000000002008e3c                __aeabi_uidivmod
 .text          0x0000000002008e5c      0x150 /opt/devkitpro/devkitARM/bin/../lib/gcc/arm-none-eabi/11.1.0/thumb/libgcc.a(_divsi3.o)
                0x0000000002008e5c                __aeabi_idiv
                0x0000000002008e5c                __divsi3
                0x0000000002008f8c                __aeabi_idivmod
 .text          0x0000000002008fac        0x4 /opt/devkitpro/devkitARM/bin/../lib/gcc/arm-none-eabi/11.1.0/thumb/libgcc.a(_dvmd_tls.o)
                0x0000000002008fac                __aeabi_ldiv0
                0x0000000002008fac                __aeabi_idiv0
 .text          0x0000000002008fb0       0xd4 /opt/devkitpro/devkitARM/bin/../lib/gcc/arm-none-eabi/11.1.0/thumb/libgcc.a(_aeabi_ldivmod.o)
                0x0000000002008fb0                __aeabi_ldivmod
 .text          0x0000000002009084       0x28 /opt/devkitpro/devkitARM/bin/../lib/gcc/arm-none-eabi/11.1.0/thumb/libgcc.a(_clzdi2.o)
                0x0000000002009084                __clzdi2
 .text          0x00000000020090ac       0x48 /opt/devkitpro/devkitARM/bin/../lib/gcc/arm-none-eabi/11.1.0/thumb/libgcc.a(_clzsi2.o)
                0x00000000020090ac                __clzsi2
 .text          0x00000000020090f4      0x224 /opt/devkitpro/devkitARM/bin/../lib/gcc/arm-none-eabi/11.1.0/../../../../arm-none-eabi/lib/thumb/libg.a(lib_a-strcmp.o)
                0x00000000020090f4                strcmp
 .text          0x0000000002009318       0x14 /opt/devkitpro/devkitARM/bin/../lib/gcc/arm-none-eabi/11.1.0/thumb/libgcc.a(_thumb1_case_uqi.o)
                0x0000000002009318                __gnu_thumb1_case_uqi
 .text          0x000000000200932c       0x14 /opt/devkitpro/devkitARM/bin/../lib/gcc/arm-none-eabi/11.1.0/thumb/libgcc.a(_thumb1_case_uhi.o)
                0x000000000200932c                __gnu_thumb1_case_uhi
 .text          0x0000000002009340      0x424 /opt/devkitpro/devkitARM/bin/../lib/gcc/arm-none-eabi/11.1.0/thumb/libgcc.a(_arm_addsubdf3.o)
                0x0000000002009340                __aeabi_drsub
                0x0000000002009348                __aeabi_dsub
                0x0000000002009348                __subdf3
                0x000000000200934c                __adddf3
                0x000000000200934c                __aeabi_dadd
                0x000000000200965c                __aeabi_ui2d
                0x000000000200965c                __floatunsidf
                0x0000000002009680                __floatsidf
                0x0000000002009680                __aeabi_i2d
                0x00000000020096a8                __extendsfdf2
                0x00000000020096a8                __aeabi_f2d
                0x00000000020096f0                __aeabi_ul2d
                0x00000000020096f0                __floatundidf
                0x0000000002009704                __floatdidf
                0x0000000002009704                __aeabi_l2d
 .text          0x0000000002009764      0x49c /opt/devkitpro/devkitARM/bin/../lib/gcc/arm-none-eabi/11.1.0/thumb/libgcc.a(_arm_muldivdf3.o)
                0x0000000002009764                __aeabi_dmul
                0x0000000002009764                __muldf3
                0x00000000020099f4                __aeabi_ddiv
                0x00000000020099f4                __divdf3
 .text          0x0000000002009c00      0x144 /opt/devkitpro/devkitARM/bin/../lib/gcc/arm-none-eabi/11.1.0/thumb/libgcc.a(_arm_cmpdf2.o)
                0x0000000002009c00                __gtdf2
                0x0000000002009c00                __gedf2
                0x0000000002009c08                __ltdf2
                0x0000000002009c08                __ledf2
                0x0000000002009c10                __cmpdf2
                0x0000000002009c10                __eqdf2
                0x0000000002009c10                __nedf2
                0x0000000002009c98                __aeabi_cdrcmple
                0x0000000002009cb4                __aeabi_cdcmple
                0x0000000002009cb4                __aeabi_cdcmpeq
                0x0000000002009ccc                __aeabi_dcmpeq
                0x0000000002009ce4                __aeabi_dcmplt
                0x0000000002009cfc                __aeabi_dcmple
                0x0000000002009d14                __aeabi_dcmpge
                0x0000000002009d2c                __aeabi_dcmpgt
 .text          0x0000000002009d44       0x38 /opt/devkitpro/devkitARM/bin/../lib/gcc/arm-none-eabi/11.1.0/thumb/libgcc.a(_arm_unorddf2.o)
                0x0000000002009d44                __aeabi_dcmpun
                0x0000000002009d44                __unorddf2
 .text          0x0000000002009d7c       0x5c /opt/devkitpro/devkitARM/bin/../lib/gcc/arm-none-eabi/11.1.0/thumb/libgcc.a(_arm_fixdfsi.o)
                0x0000000002009d7c                __fixdfsi
                0x0000000002009d7c                __aeabi_d2iz
 .text          0x0000000002009dd8       0x3c /opt/devkitpro/devkitARM/bin/../lib/gcc/arm-none-eabi/11.1.0/thumb/libgcc.a(_aeabi_uldivmod.o)
                0x0000000002009dd8                __aeabi_uldivmod
 *(EXCLUDE_FILE(*.twl* *.vectors* *.itcm*) .stub)
 *(EXCLUDE_FILE(*.twl* *.vectors* *.itcm*) .text.*)
 .text.__do_global_dtors_aux
                0x0000000002009e14       0x2c /opt/devkitpro/devkitARM/bin/../lib/gcc/arm-none-eabi/11.1.0/thumb/crtbegin.o
 .text.frame_dummy
                0x0000000002009e40       0x24 /opt/devkitpro/devkitARM/bin/../lib/gcc/arm-none-eabi/11.1.0/thumb/crtbegin.o
 .text.startup  0x0000000002009e64      0x39c main.o
                0x0000000002009e64                main
 .text.nitroFSDirClose
                0x000000000200a200        0x4 /opt/devkitpro/libnds/lib/libfilesystem.a(nitrofs.o)
 .text.nitroFSSeek
                0x000000000200a204       0x78 /opt/devkitpro/libnds/lib/libfilesystem.a(nitrofs.o)
 .text.nitroFSFstat
                0x000000000200a27c       0x10 /opt/devkitpro/libnds/lib/libfilesystem.a(nitrofs.o)
 .text.nitroSubReadBlock
                0x000000000200a28c       0x54 /opt/devkitpro/libnds/lib/libfilesystem.a(nitrofs.o)
 .text.nitroSubReadCard
                0x000000000200a2e0       0xb0 /opt/devkitpro/libnds/lib/libfilesystem.a(nitrofs.o)
 .text.nitroFSClose
                0x000000000200a390        0x4 /opt/devkitpro/libnds/lib/libfilesystem.a(nitrofs.o)
 .text.nitroDirReset
                0x000000000200a394       0x9c /opt/devkitpro/libnds/lib/libfilesystem.a(nitrofs.o)
 .text.nitroFSRead
                0x000000000200a430       0xbc /opt/devkitpro/libnds/lib/libfilesystem.a(nitrofs.o)
 .text.nitroFSDirNext
                0x000000000200a4ec      0x30c /opt/devkitpro/libnds/lib/libfilesystem.a(nitrofs.o)
 .text.nitroFSDirOpen
                0x000000000200a7f8       0xe0 /opt/devkitpro/libnds/lib/libfilesystem.a(nitrofs.o)
 .text.nitroFSChdir
                0x000000000200a8d8       0x30 /opt/devkitpro/libnds/lib/libfilesystem.a(nitrofs.o)
 .text.nitroFSOpen
                0x000000000200a908       0xc4 /opt/devkitpro/libnds/lib/libfilesystem.a(nitrofs.o)
 .text.nitroFSstat
                0x000000000200a9cc       0x68 /opt/devkitpro/libnds/lib/libfilesystem.a(nitrofs.o)
 .text.nitroFSInit
                0x000000000200aa34      0x12c /opt/devkitpro/libnds/lib/libfilesystem.a(nitrofs.o)
                0x000000000200aa34                nitroFSInit
 .text.fatMount.part.0
                0x000000000200ab60       0xa0 /opt/devkitpro/libnds/lib/libfat.a(libfat.o)
 .text.fatMount
                0x000000000200ac00       0x3c /opt/devkitpro/libnds/lib/libfat.a(libfat.o)
                0x000000000200ac00                fatMount
 .text.fatInit  0x000000000200ac3c      0x130 /opt/devkitpro/libnds/lib/libfat.a(libfat.o)
                0x000000000200ac3c                fatInit
 .text.fatInitDefault
                0x000000000200ad6c        0xc /opt/devkitpro/libnds/lib/libfat.a(libfat.o)
                0x000000000200ad6c                fatInitDefault
 .text._FAT_check_position_for_next_cluster.part.0
                0x000000000200ad78       0x68 /opt/devkitpro/libnds/lib/libfat.a(fatfile.o)
 .text._FAT_syncToDisc.part.0
                0x000000000200ade0       0xd4 /opt/devkitpro/libnds/lib/libfat.a(fatfile.o)
 .text._FAT_file_extend_r
                0x000000000200aeb4      0x208 /opt/devkitpro/libnds/lib/libfat.a(fatfile.o)
 .text._FAT_open_r
                0x000000000200b0bc      0x2d4 /opt/devkitpro/libnds/lib/libfat.a(fatfile.o)
                0x000000000200b0bc                _FAT_open_r
 .text._FAT_close_r
                0x000000000200b390       0x74 /opt/devkitpro/libnds/lib/libfat.a(fatfile.o)
                0x000000000200b390                _FAT_close_r
 .text._FAT_read_r
                0x000000000200b404      0x398 /opt/devkitpro/libnds/lib/libfat.a(fatfile.o)
                0x000000000200b404                _FAT_read_r
 .text._FAT_write_r
                0x000000000200b79c      0x53c /opt/devkitpro/libnds/lib/libfat.a(fatfile.o)
                0x000000000200b79c                _FAT_write_r
 .text._FAT_seek_r
                0x000000000200bcd8      0x194 /opt/devkitpro/libnds/lib/libfat.a(fatfile.o)
                0x000000000200bcd8                _FAT_seek_r
 .text._FAT_fstat_r
                0x000000000200be6c       0x8c /opt/devkitpro/libnds/lib/libfat.a(fatfile.o)
                0x000000000200be6c                _FAT_fstat_r
 .text._FAT_ftruncate_r
                0x000000000200bef8      0x16c /opt/devkitpro/libnds/lib/libfat.a(fatfile.o)
                0x000000000200bef8                _FAT_ftruncate_r
 .text._FAT_fsync_r
                0x000000000200c064       0x44 /opt/devkitpro/libnds/lib/libfat.a(fatfile.o)
                0x000000000200c064                _FAT_fsync_r
 .text._FAT_cache_getPage
                0x000000000200c0a8       0xf0 /opt/devkitpro/libnds/lib/libfat.a(cache.o)
 .text._FAT_cache_constructor
                0x000000000200c198       0x90 /opt/devkitpro/libnds/lib/libfat.a(cache.o)
                0x000000000200c198                _FAT_cache_constructor
 .text._FAT_cache_readSectors
                0x000000000200c228       0x60 /opt/devkitpro/libnds/lib/libfat.a(cache.o)
                0x000000000200c228                _FAT_cache_readSectors
 .text._FAT_cache_readPartialSector
                0x000000000200c288       0x3c /opt/devkitpro/libnds/lib/libfat.a(cache.o)
                0x000000000200c288                _FAT_cache_readPartialSector
 .text._FAT_cache_readLittleEndianValue
                0x000000000200c2c4       0x70 /opt/devkitpro/libnds/lib/libfat.a(cache.o)
                0x000000000200c2c4                _FAT_cache_readLittleEndianValue
 .text._FAT_cache_writePartialSector
                0x000000000200c334       0x4c /opt/devkitpro/libnds/lib/libfat.a(cache.o)
                0x000000000200c334                _FAT_cache_writePartialSector
 .text._FAT_cache_writeLittleEndianValue
                0x000000000200c380       0x8c /opt/devkitpro/libnds/lib/libfat.a(cache.o)
                0x000000000200c380                _FAT_cache_writeLittleEndianValue
 .text._FAT_cache_eraseWritePartialSector
                0x000000000200c40c       0x60 /opt/devkitpro/libnds/lib/libfat.a(cache.o)
                0x000000000200c40c                _FAT_cache_eraseWritePartialSector
 .text._FAT_cache_writeSectors
                0x000000000200c46c       0x80 /opt/devkitpro/libnds/lib/libfat.a(cache.o)
                0x000000000200c46c                _FAT_cache_writeSectors
 .text._FAT_cache_flush
                0x000000000200c4ec       0x40 /opt/devkitpro/libnds/lib/libfat.a(cache.o)
                0x000000000200c4ec                _FAT_cache_flush
 .text._FAT_stat_r
                0x000000000200c52c       0x90 /opt/devkitpro/libnds/lib/libfat.a(fatdir.o)
                0x000000000200c52c                _FAT_stat_r
 .text._FAT_link_r
                0x000000000200c5bc        0xc /opt/devkitpro/libnds/lib/libfat.a(fatdir.o)
                0x000000000200c5bc                _FAT_link_r
 .text._FAT_unlink_r
                0x000000000200c5c8      0x184 /opt/devkitpro/libnds/lib/libfat.a(fatdir.o)
                0x000000000200c5c8                _FAT_unlink_r
 .text._FAT_chdir_r
                0x000000000200c74c       0x70 /opt/devkitpro/libnds/lib/libfat.a(fatdir.o)
                0x000000000200c74c                _FAT_chdir_r
 .text._FAT_rename_r
                0x000000000200c7bc      0x1c4 /opt/devkitpro/libnds/lib/libfat.a(fatdir.o)
                0x000000000200c7bc                _FAT_rename_r
 .text._FAT_mkdir_r
                0x000000000200c980      0x244 /opt/devkitpro/libnds/lib/libfat.a(fatdir.o)
                0x000000000200c980                _FAT_mkdir_r
 .text._FAT_statvfs_r
                0x000000000200cbc4       0x78 /opt/devkitpro/libnds/lib/libfat.a(fatdir.o)
                0x000000000200cbc4                _FAT_statvfs_r
 .text._FAT_diropen_r
                0x000000000200cc3c       0xb0 /opt/devkitpro/libnds/lib/libfat.a(fatdir.o)
                0x000000000200cc3c                _FAT_diropen_r
 .text._FAT_dirreset_r
                0x000000000200ccec       0x4c /opt/devkitpro/libnds/lib/libfat.a(fatdir.o)
                0x000000000200ccec                _FAT_dirreset_r
 .text._FAT_dirnext_r
                0x000000000200cd38       0x7c /opt/devkitpro/libnds/lib/libfat.a(fatdir.o)
                0x000000000200cd38                _FAT_dirnext_r
 .text._FAT_dirclose_r
                0x000000000200cdb4       0x20 /opt/devkitpro/libnds/lib/libfat.a(fatdir.o)
                0x000000000200cdb4                _FAT_dirclose_r
 .text._FAT_directory_entryGetAlias
                0x000000000200cdd4       0xc8 /opt/devkitpro/libnds/lib/libfat.a(directory.o)
 .text._FAT_directory_incrementDirEntryPosition
                0x000000000200ce9c       0x80 /opt/devkitpro/libnds/lib/libfat.a(directory.o)
 .text._FAT_directory_mbsncasecmp
                0x000000000200cf1c       0xa8 /opt/devkitpro/libnds/lib/libfat.a(directory.o)
 .text._FAT_directory_ucs2tombs.constprop.0
                0x000000000200cfc4       0x90 /opt/devkitpro/libnds/lib/libfat.a(directory.o)
 .text._FAT_directory_entryGetCluster
                0x000000000200d054       0x20 /opt/devkitpro/libnds/lib/libfat.a(directory.o)
                0x000000000200d054                _FAT_directory_entryGetCluster
 .text._FAT_directory_getNextEntry
                0x000000000200d074      0x23c /opt/devkitpro/libnds/lib/libfat.a(directory.o)
                0x000000000200d074                _FAT_directory_getNextEntry
 .text._FAT_directory_entryExists
                0x000000000200d2b0       0x80 /opt/devkitpro/libnds/lib/libfat.a(directory.o)
 .text._FAT_directory_getFirstEntry
                0x000000000200d330       0x20 /opt/devkitpro/libnds/lib/libfat.a(directory.o)
                0x000000000200d330                _FAT_directory_getFirstEntry
 .text._FAT_directory_getRootEntry
                0x000000000200d350       0x60 /opt/devkitpro/libnds/lib/libfat.a(directory.o)
                0x000000000200d350                _FAT_directory_getRootEntry
 .text._FAT_directory_entryFromPosition
                0x000000000200d3b0      0x150 /opt/devkitpro/libnds/lib/libfat.a(directory.o)
                0x000000000200d3b0                _FAT_directory_entryFromPosition
 .text._FAT_directory_entryFromPath
                0x000000000200d500      0x248 /opt/devkitpro/libnds/lib/libfat.a(directory.o)
                0x000000000200d500                _FAT_directory_entryFromPath
 .text._FAT_directory_removeEntry
                0x000000000200d748       0xd8 /opt/devkitpro/libnds/lib/libfat.a(directory.o)
                0x000000000200d748                _FAT_directory_removeEntry
 .text._FAT_directory_addEntry
                0x000000000200d820      0x808 /opt/devkitpro/libnds/lib/libfat.a(directory.o)
                0x000000000200d820                _FAT_directory_addEntry
 .text._FAT_directory_chdir
                0x000000000200e028       0x3c /opt/devkitpro/libnds/lib/libfat.a(directory.o)
                0x000000000200e028                _FAT_directory_chdir
 .text._FAT_directory_entryStat
                0x000000000200e064       0xe4 /opt/devkitpro/libnds/lib/libfat.a(directory.o)
                0x000000000200e064                _FAT_directory_entryStat
 .text.isValidMBR
                0x000000000200e148       0x5c /opt/devkitpro/libnds/lib/libfat.a(partition.o)
 .text._FAT_updateFS_INFO
                0x000000000200e1a4       0x54 /opt/devkitpro/libnds/lib/libfat.a(partition.o)
 .text.FindFirstValidPartition_buf.part.0
                0x000000000200e1f8      0x11c /opt/devkitpro/libnds/lib/libfat.a(partition.o)
 .text._FAT_partition_getPartitionFromPath
                0x000000000200e314       0x10 /opt/devkitpro/libnds/lib/libfat.a(partition.o)
                0x000000000200e314                _FAT_partition_getPartitionFromPath
 .text._FAT_partition_createFSinfo
                0x000000000200e324       0x50 /opt/devkitpro/libnds/lib/libfat.a(partition.o)
                0x000000000200e324                _FAT_partition_createFSinfo
 .text._FAT_partition_readFSinfo.part.0
                0x000000000200e374       0x74 /opt/devkitpro/libnds/lib/libfat.a(partition.o)
 .text._FAT_partition_constructor_buf
                0x000000000200e3e8      0x2e8 /opt/devkitpro/libnds/lib/libfat.a(partition.o)
                0x000000000200e3e8                _FAT_partition_constructor_buf
 .text._FAT_partition_constructor
                0x000000000200e6d0       0x40 /opt/devkitpro/libnds/lib/libfat.a(partition.o)
                0x000000000200e6d0                _FAT_partition_constructor
 .text._FAT_partition_readFSinfo
                0x000000000200e710       0x10 /opt/devkitpro/libnds/lib/libfat.a(partition.o)
                0x000000000200e710                _FAT_partition_readFSinfo
 .text._FAT_lock_init
                0x000000000200e720        0x4 /opt/devkitpro/libnds/lib/libfat.a(lock.o)
                0x000000000200e720                _FAT_lock_init
 .text._FAT_lock
                0x000000000200e724        0x4 /opt/devkitpro/libnds/lib/libfat.a(lock.o)
                0x000000000200e724                _FAT_lock
 .text._FAT_unlock
                0x000000000200e728        0x4 /opt/devkitpro/libnds/lib/libfat.a(lock.o)
                0x000000000200e728                _FAT_unlock
 .text._FAT_filetime_getTimeFromRTC
                0x000000000200e72c       0x44 /opt/devkitpro/libnds/lib/libfat.a(filetime.o)
                0x000000000200e72c                _FAT_filetime_getTimeFromRTC
 .text._FAT_filetime_getDateFromRTC
                0x000000000200e770       0x44 /opt/devkitpro/libnds/lib/libfat.a(filetime.o)
                0x000000000200e770                _FAT_filetime_getDateFromRTC
 .text._FAT_filetime_to_time_t
                0x000000000200e7b4       0x38 /opt/devkitpro/libnds/lib/libfat.a(filetime.o)
                0x000000000200e7b4                _FAT_filetime_to_time_t
 .text._FAT_fat_writeFatEntry.part.0.isra.0
                0x000000000200e7ec      0x12c /opt/devkitpro/libnds/lib/libfat.a(file_allocation_table.o)
 .text._FAT_fat_nextCluster
                0x000000000200e918      0x108 /opt/devkitpro/libnds/lib/libfat.a(file_allocation_table.o)
                0x000000000200e918                _FAT_fat_nextCluster
 .text._FAT_fat_linkFreeCluster
                0x000000000200ea20       0xac /opt/devkitpro/libnds/lib/libfat.a(file_allocation_table.o)
                0x000000000200ea20                _FAT_fat_linkFreeCluster
 .text._FAT_fat_linkFreeClusterCleared
                0x000000000200eacc       0x68 /opt/devkitpro/libnds/lib/libfat.a(file_allocation_table.o)
                0x000000000200eacc                _FAT_fat_linkFreeClusterCleared
 .text._FAT_fat_clearLinks
                0x000000000200eb34       0x7c /opt/devkitpro/libnds/lib/libfat.a(file_allocation_table.o)
                0x000000000200eb34                _FAT_fat_clearLinks
 .text._FAT_fat_trimChain
                0x000000000200ebb0       0x80 /opt/devkitpro/libnds/lib/libfat.a(file_allocation_table.o)
                0x000000000200ebb0                _FAT_fat_trimChain
 .text._FAT_fat_lastCluster
                0x000000000200ec30       0x34 /opt/devkitpro/libnds/lib/libfat.a(file_allocation_table.o)
                0x000000000200ec30                _FAT_fat_lastCluster
 .text._FAT_fat_freeClusterCount
                0x000000000200ec64       0x2c /opt/devkitpro/libnds/lib/libfat.a(file_allocation_table.o)
                0x000000000200ec64                _FAT_fat_freeClusterCount
 .text.setBrightness
                0x000000000200ec90       0x40 /opt/devkitpro/libnds/lib/libnds9.a(video.o)
                0x000000000200ec90                setBrightness
 .text.vramDefault
                0x000000000200ecd0       0xd0 /opt/devkitpro/libnds/lib/libnds9.a(video.o)
                0x000000000200ecd0                vramDefault
 .text.newRow   0x000000000200eda0       0xb0 /opt/devkitpro/libnds/lib/libnds9.a(console.o)
 .text.consolePrintChar
                0x000000000200ee50       0xec /opt/devkitpro/libnds/lib/libnds9.a(console.o)
                0x000000000200ee50                consolePrintChar
 .text.con_write
                0x000000000200ef3c      0x374 /opt/devkitpro/libnds/lib/libnds9.a(console.o)
                0x000000000200ef3c                con_write
 .text.consoleLoadFont
                0x000000000200f2b0      0x2a8 /opt/devkitpro/libnds/lib/libnds9.a(console.o)
                0x000000000200f2b0                consoleLoadFont
 .text.consoleInit
                0x000000000200f558      0x194 /opt/devkitpro/libnds/lib/libnds9.a(console.o)
                0x000000000200f558                consoleInit
 .text.consoleDemoInit
                0x000000000200f6ec       0x40 /opt/devkitpro/libnds/lib/libnds9.a(console.o)
                0x000000000200f6ec                consoleDemoInit
 .text.consoleClear
                0x000000000200f72c       0x10 /opt/devkitpro/libnds/lib/libnds9.a(console.o)
                0x000000000200f72c                consoleClear
 .text.oamInit  0x000000000200f73c      0x118 /opt/devkitpro/libnds/lib/libnds9.a(sprite.o)
                0x000000000200f73c                oamInit
 .text.oamGfxPtrToOffset
                0x000000000200f854       0x34 /opt/devkitpro/libnds/lib/libnds9.a(sprite.o)
                0x000000000200f854                oamGfxPtrToOffset
 .text.oamSet   0x000000000200f888      0x11c /opt/devkitpro/libnds/lib/libnds9.a(sprite.o)
                0x000000000200f888                oamSet
 .text.oamUpdate
                0x000000000200f9a4       0x60 /opt/devkitpro/libnds/lib/libnds9.a(sprite.o)
                0x000000000200f9a4                oamUpdate
 .text.oamRotateScale
                0x000000000200fa04       0x4c /opt/devkitpro/libnds/lib/libnds9.a(sprite.o)
                0x000000000200fa04                oamRotateScale
 .text.scanKeys
                0x000000000200fa50       0x8c /opt/devkitpro/libnds/lib/libnds9.a(keys.o)
                0x000000000200fa50                scanKeys
 .text.keysHeld
                0x000000000200fadc        0xc /opt/devkitpro/libnds/lib/libnds9.a(keys.o)
                0x000000000200fadc                keysHeld
 .text.dldiGetInternal
                0x000000000200fae8       0x34 /opt/devkitpro/libnds/lib/libnds9.a(dldi.o)
                0x000000000200fae8                dldiGetInternal
 .text.get_io_dsisd
                0x000000000200fb1c       0x24 /opt/devkitpro/libnds/lib/libnds9.a(dldi.o)
                0x000000000200fb1c                get_io_dsisd
 .text.initSystem
                0x000000000200fb40      0x198 /opt/devkitpro/libnds/lib/libnds9.a(initSystem.o)
                0x000000000200fb40                initSystem
 .text.__libnds_gtod
                0x000000000200fcd8       0x28 /opt/devkitpro/libnds/lib/libnds9.a(timeSupport.o)
                0x000000000200fcd8                __libnds_gtod
 .text.irqDummy
                0x000000000200fd00        0x4 /opt/devkitpro/libnds/lib/libnds9.a(interrupts.o)
                0x000000000200fd00                irqDummy
 .text.irqSet   0x000000000200fd04       0x6c /opt/devkitpro/libnds/lib/libnds9.a(interrupts.o)
                0x000000000200fd04                irqSet
 .text.irqInit  0x000000000200fd70       0x50 /opt/devkitpro/libnds/lib/libnds9.a(interrupts.o)
                0x000000000200fd70                irqInit
 .text.irqEnable
                0x000000000200fdc0       0x64 /opt/devkitpro/libnds/lib/libnds9.a(interrupts.o)
                0x000000000200fdc0                irqEnable
 .text.systemErrorExit
                0x000000000200fe24        0x4 /opt/devkitpro/libnds/lib/libnds9.a(libnds_exit.arm.o)
                0x000000000200fe24                systemErrorExit
 .text.__libnds_exit
                0x000000000200fe28       0x5c /opt/devkitpro/libnds/lib/libnds9.a(libnds_exit.arm.o)
                0x000000000200fe28                __libnds_exit
 .text.cardPolledTransfer
                0x000000000200fe84       0x54 /opt/devkitpro/libnds/lib/libnds9.a(card.o)
                0x000000000200fe84                cardPolledTransfer
 .text.cardParamCommand
                0x000000000200fed8       0x34 /opt/devkitpro/libnds/lib/libnds9.a(card.o)
                0x000000000200fed8                cardParamCommand
 .text.fifo_queueBlock
                0x000000000200ff0c       0x44 /opt/devkitpro/libnds/lib/libnds9.a(fifosystem.o)
 .text.fifo_waitBlock
                0x000000000200ff50       0x80 /opt/devkitpro/libnds/lib/libnds9.a(fifosystem.o)
 .text.fifoInternalSend.part.0
                0x000000000200ffd0       0xd4 /opt/devkitpro/libnds/lib/libnds9.a(fifosystem.o)
 .text.fifoInternalSendInterrupt
                0x00000000020100a4       0xa8 /opt/devkitpro/libnds/lib/libnds9.a(fifosystem.o)
 .text.fifoSetValue32Handler
                0x000000000201014c       0xd8 /opt/devkitpro/libnds/lib/libnds9.a(fifosystem.o)
                0x000000000201014c                fifoSetValue32Handler
 .text.fifoSendValue32
                0x0000000002010224       0x4c /opt/devkitpro/libnds/lib/libnds9.a(fifosystem.o)
                0x0000000002010224                fifoSendValue32
 .text.fifoSendDatamsg
                0x0000000002010270       0x90 /opt/devkitpro/libnds/lib/libnds9.a(fifosystem.o)
                0x0000000002010270                fifoSendDatamsg
 .text.fifoGetValue32
                0x0000000002010300       0x70 /opt/devkitpro/libnds/lib/libnds9.a(fifosystem.o)
                0x0000000002010300                fifoGetValue32
 .text.fifoGetDatamsg
                0x0000000002010370       0xf4 /opt/devkitpro/libnds/lib/libnds9.a(fifosystem.o)
                0x0000000002010370                fifoGetDatamsg
 .text.fifoInternalRecvInterrupt
                0x0000000002010464      0x380 /opt/devkitpro/libnds/lib/libnds9.a(fifosystem.o)
 .text.fifoSetDatamsgHandler
                0x00000000020107e4       0x9c /opt/devkitpro/libnds/lib/libnds9.a(fifosystem.o)
                0x00000000020107e4                fifoSetDatamsgHandler
 .text.fifoCheckValue32
                0x0000000002010880       0x24 /opt/devkitpro/libnds/lib/libnds9.a(fifosystem.o)
                0x0000000002010880                fifoCheckValue32
 .text.fifoInit
                0x00000000020108a4       0xf8 /opt/devkitpro/libnds/lib/libnds9.a(fifosystem.o)
                0x00000000020108a4                fifoInit
 .text.DC_FlushRange
                0x000000000201099c       0x24 /opt/devkitpro/libnds/lib/libnds9.a(dcache.o)
                0x000000000201099c                DC_FlushRange
 .text.DC_InvalidateRange
                0x00000000020109c0       0x2c /opt/devkitpro/libnds/lib/libnds9.a(dcache.o)
                0x00000000020109c0                DC_InvalidateRange
 .text.__libnds_mpu_setup
                0x00000000020109ec      0x174 /opt/devkitpro/libnds/lib/libnds9.a(mpu_setup.o)
                0x00000000020109ec                __libnds_mpu_setup
 .text.memUncached
                0x0000000002010b60       0x20 /opt/devkitpro/libnds/lib/libnds9.a(mpu_setup.o)
                0x0000000002010b60                memUncached
 .text.swiWaitForVBlank
                0x0000000002010b80        0x8 /opt/devkitpro/libnds/lib/libnds9.a(IntrWait.o)
                0x0000000002010b80                swiWaitForVBlank
 .text.swiIntrWait
                0x0000000002010b88       0x70 /opt/devkitpro/libnds/lib/libnds9.a(IntrWait.o)
                0x0000000002010b88                swiIntrWait
 .text.setCpuClock
                0x0000000002010bf8       0x50 /opt/devkitpro/libnds/lib/libnds9.a(cpu_clock.o)
                0x0000000002010bf8                setCpuClock
 .text.swiSoftReset
                0x0000000002010c48       0x2c /opt/devkitpro/libnds/lib/libnds9.a(swiSoftReset.o)
                0x0000000002010c48                swiSoftReset
 .text.swiDelay
                0x0000000002010c74        0x4 /opt/devkitpro/libnds/lib/libnds9.a(biosCalls.o)
                0x0000000002010c74                swiDelay
 .text.checkIfText
                0x0000000002010c78       0x5c /opt/devkitpro/libnds/lib/libnds9.a(background.o)
                0x0000000002010c78                checkIfText
 .text.bgUpdate
                0x0000000002010cd4       0xf4 /opt/devkitpro/libnds/lib/libnds9.a(background.o)
                0x0000000002010cd4                bgUpdate
 .text.bgInit_call
                0x0000000002010dc8       0xc4 /opt/devkitpro/libnds/lib/libnds9.a(background.o)
                0x0000000002010dc8                bgInit_call
 .text.bgInitSub_call
                0x0000000002010e8c       0xcc /opt/devkitpro/libnds/lib/libnds9.a(background.o)
                0x0000000002010e8c                bgInitSub_call
 .text.oamAllocReset
                0x0000000002010f58       0x1c /opt/devkitpro/libnds/lib/libnds9.a(sprite_alloc.o)
                0x0000000002010f58                oamAllocReset
 .text.systemValueHandler
                0x0000000002010f74       0x48 /opt/devkitpro/libnds/lib/libnds9.a(system.o)
                0x0000000002010f74                systemValueHandler
 .text.systemMsgHandler
                0x0000000002010fbc       0x60 /opt/devkitpro/libnds/lib/libnds9.a(system.o)
                0x0000000002010fbc                systemMsgHandler
 .text.powerOn  0x000000000201101c       0x2c /opt/devkitpro/libnds/lib/libnds9.a(system.o)
                0x000000000201101c                powerOn
 .text.sinLutLookup
                0x0000000002011048       0x38 /opt/devkitpro/libnds/lib/libnds9.a(trig.o)
                0x0000000002011048                sinLutLookup
 .text.sinLerp  0x0000000002011080       0x40 /opt/devkitpro/libnds/lib/libnds9.a(trig.o)
                0x0000000002011080                sinLerp
 .text.cosLerp  0x00000000020110c0       0x4c /opt/devkitpro/libnds/lib/libnds9.a(trig.o)
                0x00000000020110c0                cosLerp
 .text.__muldi3
                0x000000000201110c       0x54 /opt/devkitpro/devkitARM/bin/../lib/gcc/arm-none-eabi/11.1.0/thumb/libgcc.a(_muldi3.o)
                0x000000000201110c                __aeabi_lmul
                0x000000000201110c                __muldi3
 .text.__udivmoddi4
                0x0000000002011160      0x19c /opt/devkitpro/devkitARM/bin/../lib/gcc/arm-none-eabi/11.1.0/thumb/libgcc.a(_udivmoddi4.o)
                0x0000000002011160                __udivmoddi4
 .text.calloc   0x00000000020112fc       0x18 /opt/devkitpro/devkitARM/bin/../lib/gcc/arm-none-eabi/11.1.0/../../../../arm-none-eabi/lib/thumb/libg.a(lib_a-calloc.o)
                0x00000000020112fc                calloc
 .text._calloc_r
                0x0000000002011314       0xb0 /opt/devkitpro/devkitARM/bin/../lib/gcc/arm-none-eabi/11.1.0/../../../../arm-none-eabi/lib/thumb/libg.a(lib_a-callocr.o)
                0x0000000002011314                _calloc_r
 .text.__errno  0x00000000020113c4        0xc /opt/devkitpro/devkitARM/bin/../lib/gcc/arm-none-eabi/11.1.0/../../../../arm-none-eabi/lib/thumb/libg.a(lib_a-errno.o)
                0x00000000020113c4                __errno
 .text._fclose_r
                0x00000000020113d0       0xe8 /opt/devkitpro/devkitARM/bin/../lib/gcc/arm-none-eabi/11.1.0/../../../../arm-none-eabi/lib/thumb/libg.a(lib_a-fclose.o)
                0x00000000020113d0                _fclose_r
 .text.fclose   0x00000000020114b8       0x14 /opt/devkitpro/devkitARM/bin/../lib/gcc/arm-none-eabi/11.1.0/../../../../arm-none-eabi/lib/thumb/libg.a(lib_a-fclose.o)
                0x00000000020114b8                fclose
 .text.__sflush_r
                0x00000000020114cc      0x1c0 /opt/devkitpro/devkitARM/bin/../lib/gcc/arm-none-eabi/11.1.0/../../../../arm-none-eabi/lib/thumb/libg.a(lib_a-fflush.o)
                0x00000000020114cc                __sflush_r
 .text._fflush_r
                0x000000000201168c       0x70 /opt/devkitpro/devkitARM/bin/../lib/gcc/arm-none-eabi/11.1.0/../../../../arm-none-eabi/lib/thumb/libg.a(lib_a-fflush.o)
                0x000000000201168c                _fflush_r
 .text.fflush   0x00000000020116fc       0x2c /opt/devkitpro/devkitARM/bin/../lib/gcc/arm-none-eabi/11.1.0/../../../../arm-none-eabi/lib/thumb/libg.a(lib_a-fflush.o)
                0x00000000020116fc                fflush
 .text._cleanup_r
                0x0000000002011728       0x14 /opt/devkitpro/devkitARM/bin/../lib/gcc/arm-none-eabi/11.1.0/../../../../arm-none-eabi/lib/thumb/libg.a(lib_a-findfp.o)
                0x0000000002011728                _cleanup_r
 .text.__sinit  0x000000000201173c      0x124 /opt/devkitpro/devkitARM/bin/../lib/gcc/arm-none-eabi/11.1.0/../../../../arm-none-eabi/lib/thumb/libg.a(lib_a-findfp.o)
                0x000000000201173c                __sinit
 .text.__sfp    0x0000000002011860       0xdc /opt/devkitpro/devkitARM/bin/../lib/gcc/arm-none-eabi/11.1.0/../../../../arm-none-eabi/lib/thumb/libg.a(lib_a-findfp.o)
                0x0000000002011860                __sfp
 .text.__sfp_lock_acquire
                0x000000000201193c       0x14 /opt/devkitpro/devkitARM/bin/../lib/gcc/arm-none-eabi/11.1.0/../../../../arm-none-eabi/lib/thumb/libg.a(lib_a-findfp.o)
                0x000000000201193c                __sfp_lock_acquire
 .text.__sfp_lock_release
                0x0000000002011950       0x14 /opt/devkitpro/devkitARM/bin/../lib/gcc/arm-none-eabi/11.1.0/../../../../arm-none-eabi/lib/thumb/libg.a(lib_a-findfp.o)
                0x0000000002011950                __sfp_lock_release
 .text._fopen_r
                0x0000000002011964       0xb8 /opt/devkitpro/devkitARM/bin/../lib/gcc/arm-none-eabi/11.1.0/../../../../arm-none-eabi/lib/thumb/libg.a(lib_a-fopen.o)
                0x0000000002011964                _fopen_r
 .text.fopen    0x0000000002011a1c       0x18 /opt/devkitpro/devkitARM/bin/../lib/gcc/arm-none-eabi/11.1.0/../../../../arm-none-eabi/lib/thumb/libg.a(lib_a-fopen.o)
                0x0000000002011a1c                fopen
 .text._fread_r
                0x0000000002011a34      0x1f4 /opt/devkitpro/devkitARM/bin/../lib/gcc/arm-none-eabi/11.1.0/../../../../arm-none-eabi/lib/thumb/libg.a(lib_a-fread.o)
                0x0000000002011a34                _fread_r
 .text.fread    0x0000000002011c28       0x24 /opt/devkitpro/devkitARM/bin/../lib/gcc/arm-none-eabi/11.1.0/../../../../arm-none-eabi/lib/thumb/libg.a(lib_a-fread.o)
                0x0000000002011c28                fread
 .text._malloc_trim_r
                0x0000000002011c4c       0xa0 /opt/devkitpro/devkitARM/bin/../lib/gcc/arm-none-eabi/11.1.0/../../../../arm-none-eabi/lib/thumb/libg.a(lib_a-freer.o)
                0x0000000002011c4c                _malloc_trim_r
 .text._free_r  0x0000000002011cec      0x1d8 /opt/devkitpro/devkitARM/bin/../lib/gcc/arm-none-eabi/11.1.0/../../../../arm-none-eabi/lib/thumb/libg.a(lib_a-freer.o)
                0x0000000002011cec                _free_r
 .text._fseek_r
                0x0000000002011ec4       0x18 /opt/devkitpro/devkitARM/bin/../lib/gcc/arm-none-eabi/11.1.0/../../../../arm-none-eabi/lib/thumb/libg.a(lib_a-fseek.o)
                0x0000000002011ec4                _fseek_r
 .text.fseek    0x0000000002011edc       0x24 /opt/devkitpro/devkitARM/bin/../lib/gcc/arm-none-eabi/11.1.0/../../../../arm-none-eabi/lib/thumb/libg.a(lib_a-fseek.o)
                0x0000000002011edc                fseek
 .text._fseeko_r
                0x0000000002011f00      0x41c /opt/devkitpro/devkitARM/bin/../lib/gcc/arm-none-eabi/11.1.0/../../../../arm-none-eabi/lib/thumb/libg.a(lib_a-fseeko.o)
                0x0000000002011f00                _fseeko_r
 .text.ftell    0x000000000201231c       0x24 /opt/devkitpro/devkitARM/bin/../lib/gcc/arm-none-eabi/11.1.0/../../../../arm-none-eabi/lib/thumb/libg.a(lib_a-ftell.o)
                0x000000000201231c                ftell
 .text._ftello_r
                0x0000000002012340      0x11c /opt/devkitpro/devkitARM/bin/../lib/gcc/arm-none-eabi/11.1.0/../../../../arm-none-eabi/lib/thumb/libg.a(lib_a-ftello.o)
                0x0000000002012340                _ftello_r
 .text._fwalk   0x000000000201245c       0x48 /opt/devkitpro/devkitARM/bin/../lib/gcc/arm-none-eabi/11.1.0/../../../../arm-none-eabi/lib/thumb/libg.a(lib_a-fwalk.o)
                0x000000000201245c                _fwalk
 .text._fwalk_reent
                0x00000000020124a4       0x50 /opt/devkitpro/devkitARM/bin/../lib/gcc/arm-none-eabi/11.1.0/../../../../arm-none-eabi/lib/thumb/libg.a(lib_a-fwalk.o)
                0x00000000020124a4                _fwalk_reent
 .text.__libc_init_array
                0x00000000020124f4       0x50 /opt/devkitpro/devkitARM/bin/../lib/gcc/arm-none-eabi/11.1.0/../../../../arm-none-eabi/lib/thumb/libg.a(lib_a-init.o)
                0x00000000020124f4                __libc_init_array
 .text.iprintf  0x0000000002012544       0x24 /opt/devkitpro/devkitARM/bin/../lib/gcc/arm-none-eabi/11.1.0/../../../../arm-none-eabi/lib/thumb/libg.a(lib_a-iprintf.o)
                0x0000000002012544                iprintf
 .text.localtime_r
                0x0000000002012568      0x244 /opt/devkitpro/devkitARM/bin/../lib/gcc/arm-none-eabi/11.1.0/../../../../arm-none-eabi/lib/thumb/libg.a(lib_a-lcltime_r.o)
                0x0000000002012568                localtime_r
 .text.__locale_mb_cur_max
                0x00000000020127ac       0x10 /opt/devkitpro/devkitARM/bin/../lib/gcc/arm-none-eabi/11.1.0/../../../../arm-none-eabi/lib/thumb/libg.a(lib_a-locale.o)
                0x00000000020127ac                __locale_mb_cur_max
 .text.__smakebuf_r
                0x00000000020127bc       0xec /opt/devkitpro/devkitARM/bin/../lib/gcc/arm-none-eabi/11.1.0/../../../../arm-none-eabi/lib/thumb/libg.a(lib_a-makebuf.o)
                0x00000000020127bc                __smakebuf_r
 .text.__swhatbuf_r
                0x00000000020128a8       0x5c /opt/devkitpro/devkitARM/bin/../lib/gcc/arm-none-eabi/11.1.0/../../../../arm-none-eabi/lib/thumb/libg.a(lib_a-makebuf.o)
                0x00000000020128a8                __swhatbuf_r
 .text.malloc   0x0000000002012904       0x14 /opt/devkitpro/devkitARM/bin/../lib/gcc/arm-none-eabi/11.1.0/../../../../arm-none-eabi/lib/thumb/libg.a(lib_a-malloc.o)
                0x0000000002012904                malloc
 .text.free     0x0000000002012918       0x14 /opt/devkitpro/devkitARM/bin/../lib/gcc/arm-none-eabi/11.1.0/../../../../arm-none-eabi/lib/thumb/libg.a(lib_a-malloc.o)
                0x0000000002012918                free
 .text._malloc_r
                0x000000000201292c      0x58c /opt/devkitpro/devkitARM/bin/../lib/gcc/arm-none-eabi/11.1.0/../../../../arm-none-eabi/lib/thumb/libg.a(lib_a-mallocr.o)
                0x000000000201292c                _malloc_r
 .text._mbrtowc_r
                0x0000000002012eb8       0x60 /opt/devkitpro/devkitARM/bin/../lib/gcc/arm-none-eabi/11.1.0/../../../../arm-none-eabi/lib/thumb/libg.a(lib_a-mbrtowc.o)
                0x0000000002012eb8                _mbrtowc_r
 .text.mbrtowc  0x0000000002012f18       0x7c /opt/devkitpro/devkitARM/bin/../lib/gcc/arm-none-eabi/11.1.0/../../../../arm-none-eabi/lib/thumb/libg.a(lib_a-mbrtowc.o)
                0x0000000002012f18                mbrtowc
 .text.mbsrtowcs
                0x0000000002012f94       0x28 /opt/devkitpro/devkitARM/bin/../lib/gcc/arm-none-eabi/11.1.0/../../../../arm-none-eabi/lib/thumb/libg.a(lib_a-mbsrtowcs.o)
                0x0000000002012f94                mbsrtowcs
 .text.__utf8_mbtowc
                0x0000000002012fbc      0x294 /opt/devkitpro/devkitARM/bin/../lib/gcc/arm-none-eabi/11.1.0/../../../../arm-none-eabi/lib/thumb/libg.a(lib_a-mbtowc_r.o)
                0x0000000002012fbc                __utf8_mbtowc
 .text.memcmp   0x0000000002013250       0x4c /opt/devkitpro/devkitARM/bin/../lib/gcc/arm-none-eabi/11.1.0/../../../../arm-none-eabi/lib/thumb/libg.a(lib_a-memcmp.o)
                0x0000000002013250                memcmp
 .text.memcpy   0x000000000201329c       0xa8 /opt/devkitpro/devkitARM/bin/../lib/gcc/arm-none-eabi/11.1.0/../../../../arm-none-eabi/lib/thumb/libg.a(lib_a-memcpy-stub.o)
                0x000000000201329c                memcpy
 .text.memmove  0x0000000002013344       0xbc /opt/devkitpro/devkitARM/bin/../lib/gcc/arm-none-eabi/11.1.0/../../../../arm-none-eabi/lib/thumb/libg.a(lib_a-memmove.o)
                0x0000000002013344                memmove
 .text.memset   0x0000000002013400       0xb0 /opt/devkitpro/devkitARM/bin/../lib/gcc/arm-none-eabi/11.1.0/../../../../arm-none-eabi/lib/thumb/libg.a(lib_a-memset.o)
                0x0000000002013400                memset
 .text.validate_structure
                0x00000000020134b0      0x1dc /opt/devkitpro/devkitARM/bin/../lib/gcc/arm-none-eabi/11.1.0/../../../../arm-none-eabi/lib/thumb/libg.a(lib_a-mktime.o)
 .text.mktime   0x000000000201368c      0x450 /opt/devkitpro/devkitARM/bin/../lib/gcc/arm-none-eabi/11.1.0/../../../../arm-none-eabi/lib/thumb/libg.a(lib_a-mktime.o)
                0x000000000201368c                mktime
 .text.__malloc_lock
                0x0000000002013adc       0x14 /opt/devkitpro/devkitARM/bin/../lib/gcc/arm-none-eabi/11.1.0/../../../../arm-none-eabi/lib/thumb/libg.a(lib_a-mlock.o)
                0x0000000002013adc                __malloc_lock
 .text.__malloc_unlock
                0x0000000002013af0       0x14 /opt/devkitpro/devkitARM/bin/../lib/gcc/arm-none-eabi/11.1.0/../../../../arm-none-eabi/lib/thumb/libg.a(lib_a-mlock.o)
                0x0000000002013af0                __malloc_unlock
 .text.srand    0x0000000002013b04       0x18 /opt/devkitpro/devkitARM/bin/../lib/gcc/arm-none-eabi/11.1.0/../../../../arm-none-eabi/lib/thumb/libg.a(lib_a-rand.o)
                0x0000000002013b04                srand
 .text.rand     0x0000000002013b1c       0x34 /opt/devkitpro/devkitARM/bin/../lib/gcc/arm-none-eabi/11.1.0/../../../../arm-none-eabi/lib/thumb/libg.a(lib_a-rand.o)
                0x0000000002013b1c                rand
 .text.realloc  0x0000000002013b50       0x18 /opt/devkitpro/devkitARM/bin/../lib/gcc/arm-none-eabi/11.1.0/../../../../arm-none-eabi/lib/thumb/libg.a(lib_a-realloc.o)
                0x0000000002013b50                realloc
 .text._realloc_r
                0x0000000002013b68      0x380 /opt/devkitpro/devkitARM/bin/../lib/gcc/arm-none-eabi/11.1.0/../../../../arm-none-eabi/lib/thumb/libg.a(lib_a-reallocr.o)
                0x0000000002013b68                _realloc_r
 .text.lflush   0x0000000002013ee8       0x20 /opt/devkitpro/devkitARM/bin/../lib/gcc/arm-none-eabi/11.1.0/../../../../arm-none-eabi/lib/thumb/libg.a(lib_a-refill.o)
 .text.__srefill_r
                0x0000000002013f08      0x118 /opt/devkitpro/devkitARM/bin/../lib/gcc/arm-none-eabi/11.1.0/../../../../arm-none-eabi/lib/thumb/libg.a(lib_a-refill.o)
                0x0000000002013f08                __srefill_r
 .text.rewind   0x0000000002014020       0x20 /opt/devkitpro/devkitARM/bin/../lib/gcc/arm-none-eabi/11.1.0/../../../../arm-none-eabi/lib/thumb/libg.a(lib_a-rewind.o)
                0x0000000002014020                rewind
 .text.setvbuf  0x0000000002014040      0x1ac /opt/devkitpro/devkitARM/bin/../lib/gcc/arm-none-eabi/11.1.0/../../../../arm-none-eabi/lib/thumb/libg.a(lib_a-setvbuf.o)
                0x0000000002014040                setvbuf
 .text.siscanf  0x00000000020141ec       0x4c /opt/devkitpro/devkitARM/bin/../lib/gcc/arm-none-eabi/11.1.0/../../../../arm-none-eabi/lib/thumb/libg.a(lib_a-siscanf.o)
                0x00000000020141ec                siscanf
 .text.sprintf  0x0000000002014238       0x40 /opt/devkitpro/devkitARM/bin/../lib/gcc/arm-none-eabi/11.1.0/../../../../arm-none-eabi/lib/thumb/libg.a(lib_a-sprintf.o)
                0x0000000002014238                sprintf
 .text.__sread  0x0000000002014278       0x34 /opt/devkitpro/devkitARM/bin/../lib/gcc/arm-none-eabi/11.1.0/../../../../arm-none-eabi/lib/thumb/libg.a(lib_a-stdio.o)
                0x0000000002014278                __sread
 .text.__seofread
                0x00000000020142ac        0x4 /opt/devkitpro/devkitARM/bin/../lib/gcc/arm-none-eabi/11.1.0/../../../../arm-none-eabi/lib/thumb/libg.a(lib_a-stdio.o)
                0x00000000020142ac                __seofread
 .text.__swrite
                0x00000000020142b0       0x4c /opt/devkitpro/devkitARM/bin/../lib/gcc/arm-none-eabi/11.1.0/../../../../arm-none-eabi/lib/thumb/libg.a(lib_a-stdio.o)
                0x00000000020142b0                __swrite
 .text.__sseek  0x00000000020142fc       0x40 /opt/devkitpro/devkitARM/bin/../lib/gcc/arm-none-eabi/11.1.0/../../../../arm-none-eabi/lib/thumb/libg.a(lib_a-stdio.o)
                0x00000000020142fc                __sseek
 .text.__sclose
                0x000000000201433c       0x10 /opt/devkitpro/devkitARM/bin/../lib/gcc/arm-none-eabi/11.1.0/../../../../arm-none-eabi/lib/thumb/libg.a(lib_a-stdio.o)
                0x000000000201433c                __sclose
 .text.stpcpy   0x000000000201434c       0x50 /opt/devkitpro/devkitARM/bin/../lib/gcc/arm-none-eabi/11.1.0/../../../../arm-none-eabi/lib/thumb/libg.a(lib_a-stpcpy.o)
                0x000000000201434c                stpcpy
 .text.strcasecmp
                0x000000000201439c       0x48 /opt/devkitpro/devkitARM/bin/../lib/gcc/arm-none-eabi/11.1.0/../../../../arm-none-eabi/lib/thumb/libg.a(lib_a-strcasecmp.o)
                0x000000000201439c                strcasecmp
 .text.strchr   0x00000000020143e4       0xc8 /opt/devkitpro/devkitARM/bin/../lib/gcc/arm-none-eabi/11.1.0/../../../../arm-none-eabi/lib/thumb/libg.a(lib_a-strchr.o)
                0x00000000020143e4                strchr
 .text.strcpy   0x00000000020144ac       0x10 /opt/devkitpro/devkitARM/bin/../lib/gcc/arm-none-eabi/11.1.0/../../../../arm-none-eabi/lib/thumb/libg.a(lib_a-strcpy.o)
                0x00000000020144ac                strcpy
 .text.strdup   0x00000000020144bc       0x14 /opt/devkitpro/devkitARM/bin/../lib/gcc/arm-none-eabi/11.1.0/../../../../arm-none-eabi/lib/thumb/libg.a(lib_a-strdup.o)
                0x00000000020144bc                strdup
 .text._strdup_r
                0x00000000020144d0       0x2c /opt/devkitpro/devkitARM/bin/../lib/gcc/arm-none-eabi/11.1.0/../../../../arm-none-eabi/lib/thumb/libg.a(lib_a-strdup_r.o)
                0x00000000020144d0                _strdup_r
 .text.strlen   0x00000000020144fc       0x60 /opt/devkitpro/devkitARM/bin/../lib/gcc/arm-none-eabi/11.1.0/../../../../arm-none-eabi/lib/thumb/libg.a(lib_a-strlen-stub.o)
                0x00000000020144fc                strlen
 .text.strncasecmp
                0x000000000201455c       0x54 /opt/devkitpro/devkitARM/bin/../lib/gcc/arm-none-eabi/11.1.0/../../../../arm-none-eabi/lib/thumb/libg.a(lib_a-strncasecmp.o)
                0x000000000201455c                strncasecmp
 .text.strncmp  0x00000000020145b0       0x78 /opt/devkitpro/devkitARM/bin/../lib/gcc/arm-none-eabi/11.1.0/../../../../arm-none-eabi/lib/thumb/libg.a(lib_a-strncmp.o)
                0x00000000020145b0                strncmp
 .text.strncpy  0x0000000002014628       0x74 /opt/devkitpro/devkitARM/bin/../lib/gcc/arm-none-eabi/11.1.0/../../../../arm-none-eabi/lib/thumb/libg.a(lib_a-strncpy.o)
                0x0000000002014628                strncpy
 .text.strnlen  0x000000000201469c       0x28 /opt/devkitpro/devkitARM/bin/../lib/gcc/arm-none-eabi/11.1.0/../../../../arm-none-eabi/lib/thumb/libg.a(lib_a-strnlen.o)
                0x000000000201469c                strnlen
 .text.strpbrk  0x00000000020146c4       0x3c /opt/devkitpro/devkitARM/bin/../lib/gcc/arm-none-eabi/11.1.0/../../../../arm-none-eabi/lib/thumb/libg.a(lib_a-strpbrk.o)
                0x00000000020146c4                strpbrk
 .text.strrchr  0x0000000002014700       0x2c /opt/devkitpro/devkitARM/bin/../lib/gcc/arm-none-eabi/11.1.0/../../../../arm-none-eabi/lib/thumb/libg.a(lib_a-strrchr.o)
                0x0000000002014700                strrchr
 .text._strtol_l.part.0
                0x000000000201472c      0x144 /opt/devkitpro/devkitARM/bin/../lib/gcc/arm-none-eabi/11.1.0/../../../../arm-none-eabi/lib/thumb/libg.a(lib_a-strtol.o)
 .text._strtol_r
                0x0000000002014870       0x20 /opt/devkitpro/devkitARM/bin/../lib/gcc/arm-none-eabi/11.1.0/../../../../arm-none-eabi/lib/thumb/libg.a(lib_a-strtol.o)
                0x0000000002014870                _strtol_r
 .text.get_arg  0x0000000002014890       0x32 /opt/devkitpro/devkitARM/bin/../lib/gcc/arm-none-eabi/11.1.0/../../../../arm-none-eabi/lib/thumb/libg.a(lib_a-svfiscanf.o)
 .text._sungetc_r
                0x00000000020148c2       0x7e /opt/devkitpro/devkitARM/bin/../lib/gcc/arm-none-eabi/11.1.0/../../../../arm-none-eabi/lib/thumb/libg.a(lib_a-svfiscanf.o)
                0x00000000020148c2                _sungetc_r
 .text.__ssrefill_r
                0x0000000002014940       0x42 /opt/devkitpro/devkitARM/bin/../lib/gcc/arm-none-eabi/11.1.0/../../../../arm-none-eabi/lib/thumb/libg.a(lib_a-svfiscanf.o)
                0x0000000002014940                __ssrefill_r
 .text._sfread_r
                0x0000000002014982       0x88 /opt/devkitpro/devkitARM/bin/../lib/gcc/arm-none-eabi/11.1.0/../../../../arm-none-eabi/lib/thumb/libg.a(lib_a-svfiscanf.o)
                0x0000000002014982                _sfread_r
 *fill*         0x0000000002014a0a        0x2 ff
 .text.__ssvfiscanf_r
                0x0000000002014a0c     0x1a04 /opt/devkitpro/devkitARM/bin/../lib/gcc/arm-none-eabi/11.1.0/../../../../arm-none-eabi/lib/thumb/libg.a(lib_a-svfiscanf.o)
                0x0000000002014a0c                __ssvfiscanf_r
 .text.get_arg  0x0000000002016410      0x400 /opt/devkitpro/devkitARM/bin/../lib/gcc/arm-none-eabi/11.1.0/../../../../arm-none-eabi/lib/thumb/libg.a(lib_a-svfprintf.o)
 .text._svfprintf_r
                0x0000000002016810     0x22fc /opt/devkitpro/devkitARM/bin/../lib/gcc/arm-none-eabi/11.1.0/../../../../arm-none-eabi/lib/thumb/libg.a(lib_a-svfprintf.o)
                0x0000000002016810                _svfprintf_r
 .text.lseek    0x0000000002018b0c       0x24 /opt/devkitpro/devkitARM/bin/../lib/gcc/arm-none-eabi/11.1.0/../../../../arm-none-eabi/lib/thumb/libg.a(lib_a-syslseek.o)
                0x0000000002018b0c                lseek
 .text.open     0x0000000002018b30       0x28 /opt/devkitpro/devkitARM/bin/../lib/gcc/arm-none-eabi/11.1.0/../../../../arm-none-eabi/lib/thumb/libg.a(lib_a-sysopen.o)
                0x0000000002018b30                open
 .text.read     0x0000000002018b58       0x1c /opt/devkitpro/devkitARM/bin/../lib/gcc/arm-none-eabi/11.1.0/../../../../arm-none-eabi/lib/thumb/libg.a(lib_a-sysread.o)
                0x0000000002018b58                read
 .text.time     0x0000000002018b74       0x34 /opt/devkitpro/devkitARM/bin/../lib/gcc/arm-none-eabi/11.1.0/../../../../arm-none-eabi/lib/thumb/libg.a(lib_a-time.o)
                0x0000000002018b74                time
 .text.towlower
                0x0000000002018ba8       0x10 /opt/devkitpro/devkitARM/bin/../lib/gcc/arm-none-eabi/11.1.0/../../../../arm-none-eabi/lib/thumb/libg.a(lib_a-towlower.o)
                0x0000000002018ba8                towlower
 .text.towupper
                0x0000000002018bb8       0x10 /opt/devkitpro/devkitARM/bin/../lib/gcc/arm-none-eabi/11.1.0/../../../../arm-none-eabi/lib/thumb/libg.a(lib_a-towupper.o)
                0x0000000002018bb8                towupper
 .text.__tzcalc_limits
                0x0000000002018bc8      0x1b4 /opt/devkitpro/devkitARM/bin/../lib/gcc/arm-none-eabi/11.1.0/../../../../arm-none-eabi/lib/thumb/libg.a(lib_a-tzcalc_limits.o)
                0x0000000002018bc8                __tzcalc_limits
 .text.__tz_lock
                0x0000000002018d7c       0x14 /opt/devkitpro/devkitARM/bin/../lib/gcc/arm-none-eabi/11.1.0/../../../../arm-none-eabi/lib/thumb/libg.a(lib_a-tzlock.o)
                0x0000000002018d7c                __tz_lock
 .text.__tz_unlock
                0x0000000002018d90       0x14 /opt/devkitpro/devkitARM/bin/../lib/gcc/arm-none-eabi/11.1.0/../../../../arm-none-eabi/lib/thumb/libg.a(lib_a-tzlock.o)
                0x0000000002018d90                __tz_unlock
 .text._tzset_unlocked
                0x0000000002018da4       0x10 /opt/devkitpro/devkitARM/bin/../lib/gcc/arm-none-eabi/11.1.0/../../../../arm-none-eabi/lib/thumb/libg.a(lib_a-tzset.o)
                0x0000000002018da4                _tzset_unlocked
 .text._tzset_unlocked_r
                0x0000000002018db4      0x370 /opt/devkitpro/devkitARM/bin/../lib/gcc/arm-none-eabi/11.1.0/../../../../arm-none-eabi/lib/thumb/libg.a(lib_a-tzset_r.o)
                0x0000000002018db4                _tzset_unlocked_r
 .text.__submore
                0x0000000002019124       0x88 /opt/devkitpro/devkitARM/bin/../lib/gcc/arm-none-eabi/11.1.0/../../../../arm-none-eabi/lib/thumb/libg.a(lib_a-ungetc.o)
                0x0000000002019124                __submore
 .text.get_arg  0x00000000020191ac      0x400 /opt/devkitpro/devkitARM/bin/../lib/gcc/arm-none-eabi/11.1.0/../../../../arm-none-eabi/lib/thumb/libg.a(lib_a-vfiprintf.o)
 .text.__sprint_r
                0x00000000020195ac       0x24 /opt/devkitpro/devkitARM/bin/../lib/gcc/arm-none-eabi/11.1.0/../../../../arm-none-eabi/lib/thumb/libg.a(lib_a-vfiprintf.o)
                0x00000000020195ac                __sprint_r
 .text._vfiprintf_r
                0x00000000020195d0     0x1710 /opt/devkitpro/devkitARM/bin/../lib/gcc/arm-none-eabi/11.1.0/../../../../arm-none-eabi/lib/thumb/libg.a(lib_a-vfiprintf.o)
                0x00000000020195d0                _vfiprintf_r
 .text.__sbprintf
                0x000000000201ace0       0x8c /opt/devkitpro/devkitARM/bin/../lib/gcc/arm-none-eabi/11.1.0/../../../../arm-none-eabi/lib/thumb/libg.a(lib_a-vfiprintf.o)
 .text._wcrtomb_r
                0x000000000201ad6c       0x5c /opt/devkitpro/devkitARM/bin/../lib/gcc/arm-none-eabi/11.1.0/../../../../arm-none-eabi/lib/thumb/libg.a(lib_a-wcrtomb.o)
                0x000000000201ad6c                _wcrtomb_r
 .text.wcrtomb  0x000000000201adc8       0x74 /opt/devkitpro/devkitARM/bin/../lib/gcc/arm-none-eabi/11.1.0/../../../../arm-none-eabi/lib/thumb/libg.a(lib_a-wcrtomb.o)
                0x000000000201adc8                wcrtomb
 .text._wcsrtombs_r
                0x000000000201ae3c       0x1c /opt/devkitpro/devkitARM/bin/../lib/gcc/arm-none-eabi/11.1.0/../../../../arm-none-eabi/lib/thumb/libg.a(lib_a-wcsrtombs.o)
                0x000000000201ae3c                _wcsrtombs_r
 .text.wctob    0x000000000201ae58       0x48 /opt/devkitpro/devkitARM/bin/../lib/gcc/arm-none-eabi/11.1.0/../../../../arm-none-eabi/lib/thumb/libg.a(lib_a-wctob.o)
                0x000000000201ae58                wctob
 .text.__utf8_wctomb
                0x000000000201aea0       0xb4 /opt/devkitpro/devkitARM/bin/../lib/gcc/arm-none-eabi/11.1.0/../../../../arm-none-eabi/lib/thumb/libg.a(lib_a-wctomb_r.o)
                0x000000000201aea0                __utf8_wctomb
 .text.__swsetup_r
                0x000000000201af54       0xe4 /opt/devkitpro/devkitARM/bin/../lib/gcc/arm-none-eabi/11.1.0/../../../../arm-none-eabi/lib/thumb/libg.a(lib_a-wsetup.o)
                0x000000000201af54                __swsetup_r
 .text.div      0x000000000201b038       0x34 /opt/devkitpro/devkitARM/bin/../lib/gcc/arm-none-eabi/11.1.0/../../../../arm-none-eabi/lib/thumb/libg.a(lib_a-div.o)
                0x000000000201b038                div
 .text.quorem   0x000000000201b06c      0x148 /opt/devkitpro/devkitARM/bin/../lib/gcc/arm-none-eabi/11.1.0/../../../../arm-none-eabi/lib/thumb/libg.a(lib_a-dtoa.o)
 .text._dtoa_r  0x000000000201b1b4      0xfc4 /opt/devkitpro/devkitARM/bin/../lib/gcc/arm-none-eabi/11.1.0/../../../../arm-none-eabi/lib/thumb/libg.a(lib_a-dtoa.o)
                0x000000000201b1b4                _dtoa_r
 .text.__sflags
                0x000000000201c178       0xa4 /opt/devkitpro/devkitARM/bin/../lib/gcc/arm-none-eabi/11.1.0/../../../../arm-none-eabi/lib/thumb/libg.a(lib_a-flags.o)
                0x000000000201c178                __sflags
 .text.__sfvwrite_r
                0x000000000201c21c      0x34c /opt/devkitpro/devkitARM/bin/../lib/gcc/arm-none-eabi/11.1.0/../../../../arm-none-eabi/lib/thumb/libg.a(lib_a-fvwrite.o)
                0x000000000201c21c                __sfvwrite_r
 .text._findenv_r
                0x000000000201c568       0x94 /opt/devkitpro/devkitARM/bin/../lib/gcc/arm-none-eabi/11.1.0/../../../../arm-none-eabi/lib/thumb/libg.a(lib_a-getenv_r.o)
                0x000000000201c568                _findenv_r
 .text._getenv_r
                0x000000000201c5fc       0x10 /opt/devkitpro/devkitARM/bin/../lib/gcc/arm-none-eabi/11.1.0/../../../../arm-none-eabi/lib/thumb/libg.a(lib_a-getenv_r.o)
                0x000000000201c5fc                _getenv_r
 .text.__gettzinfo
                0x000000000201c60c        0x8 /opt/devkitpro/devkitARM/bin/../lib/gcc/arm-none-eabi/11.1.0/../../../../arm-none-eabi/lib/thumb/libg.a(lib_a-gettzinfo.o)
                0x000000000201c60c                __gettzinfo
 .text.gmtime_r
                0x000000000201c614      0x1c8 /opt/devkitpro/devkitARM/bin/../lib/gcc/arm-none-eabi/11.1.0/../../../../arm-none-eabi/lib/thumb/libg.a(lib_a-gmtime_r.o)
                0x000000000201c614                gmtime_r
 .text.iswspace
                0x000000000201c7dc       0x10 /opt/devkitpro/devkitARM/bin/../lib/gcc/arm-none-eabi/11.1.0/../../../../arm-none-eabi/lib/thumb/libg.a(lib_a-iswspace.o)
                0x000000000201c7dc                iswspace
 .text._localeconv_r
                0x000000000201c7ec        0x8 /opt/devkitpro/devkitARM/bin/../lib/gcc/arm-none-eabi/11.1.0/../../../../arm-none-eabi/lib/thumb/libg.a(lib_a-localeconv.o)
                0x000000000201c7ec                _localeconv_r
 .text._mbsnrtowcs_r
                0x000000000201c7f4       0xbc /opt/devkitpro/devkitARM/bin/../lib/gcc/arm-none-eabi/11.1.0/../../../../arm-none-eabi/lib/thumb/libg.a(lib_a-mbsnrtowcs.o)
                0x000000000201c7f4                _mbsnrtowcs_r
 .text.memchr   0x000000000201c8b0       0x78 /opt/devkitpro/devkitARM/bin/../lib/gcc/arm-none-eabi/11.1.0/../../../../arm-none-eabi/lib/thumb/libg.a(lib_a-memchr-stub.o)
                0x000000000201c8b0                memchr
 .text._Balloc  0x000000000201c928       0x54 /opt/devkitpro/devkitARM/bin/../lib/gcc/arm-none-eabi/11.1.0/../../../../arm-none-eabi/lib/thumb/libg.a(lib_a-mprec.o)
                0x000000000201c928                _Balloc
 .text._Bfree   0x000000000201c97c       0x14 /opt/devkitpro/devkitARM/bin/../lib/gcc/arm-none-eabi/11.1.0/../../../../arm-none-eabi/lib/thumb/libg.a(lib_a-mprec.o)
                0x000000000201c97c                _Bfree
 .text.__multadd
                0x000000000201c990       0xac /opt/devkitpro/devkitARM/bin/../lib/gcc/arm-none-eabi/11.1.0/../../../../arm-none-eabi/lib/thumb/libg.a(lib_a-mprec.o)
                0x000000000201c990                __multadd
 .text.__hi0bits
                0x000000000201ca3c       0x38 /opt/devkitpro/devkitARM/bin/../lib/gcc/arm-none-eabi/11.1.0/../../../../arm-none-eabi/lib/thumb/libg.a(lib_a-mprec.o)
                0x000000000201ca3c                __hi0bits
 .text.__lo0bits
                0x000000000201ca74       0x5c /opt/devkitpro/devkitARM/bin/../lib/gcc/arm-none-eabi/11.1.0/../../../../arm-none-eabi/lib/thumb/libg.a(lib_a-mprec.o)
                0x000000000201ca74                __lo0bits
 .text.__i2b    0x000000000201cad0       0x64 /opt/devkitpro/devkitARM/bin/../lib/gcc/arm-none-eabi/11.1.0/../../../../arm-none-eabi/lib/thumb/libg.a(lib_a-mprec.o)
                0x000000000201cad0                __i2b
 .text.__multiply
                0x000000000201cb34      0x1a8 /opt/devkitpro/devkitARM/bin/../lib/gcc/arm-none-eabi/11.1.0/../../../../arm-none-eabi/lib/thumb/libg.a(lib_a-mprec.o)
                0x000000000201cb34                __multiply
 .text.__pow5mult
                0x000000000201ccdc       0xd8 /opt/devkitpro/devkitARM/bin/../lib/gcc/arm-none-eabi/11.1.0/../../../../arm-none-eabi/lib/thumb/libg.a(lib_a-mprec.o)
                0x000000000201ccdc                __pow5mult
 .text.__lshift
                0x000000000201cdb4      0x104 /opt/devkitpro/devkitARM/bin/../lib/gcc/arm-none-eabi/11.1.0/../../../../arm-none-eabi/lib/thumb/libg.a(lib_a-mprec.o)
                0x000000000201cdb4                __lshift
 .text.__mcmp   0x000000000201ceb8       0x38 /opt/devkitpro/devkitARM/bin/../lib/gcc/arm-none-eabi/11.1.0/../../../../arm-none-eabi/lib/thumb/libg.a(lib_a-mprec.o)
                0x000000000201ceb8                __mcmp
 .text.__mdiff  0x000000000201cef0      0x198 /opt/devkitpro/devkitARM/bin/../lib/gcc/arm-none-eabi/11.1.0/../../../../arm-none-eabi/lib/thumb/libg.a(lib_a-mprec.o)
                0x000000000201cef0                __mdiff
 .text.__d2b    0x000000000201d088       0xd0 /opt/devkitpro/devkitARM/bin/../lib/gcc/arm-none-eabi/11.1.0/../../../../arm-none-eabi/lib/thumb/libg.a(lib_a-mprec.o)
                0x000000000201d088                __d2b
 .text.__sccl   0x000000000201d158       0x90 /opt/devkitpro/devkitARM/bin/../lib/gcc/arm-none-eabi/11.1.0/../../../../arm-none-eabi/lib/thumb/libg.a(lib_a-sccl.o)
                0x000000000201d158                __sccl
 .text.frexp    0x000000000201d1e8       0x68 /opt/devkitpro/devkitARM/bin/../lib/gcc/arm-none-eabi/11.1.0/../../../../arm-none-eabi/lib/thumb/libg.a(lib_a-s_frexp.o)
                0x000000000201d1e8                frexp
 .text._strtoll_l.constprop.0
                0x000000000201d250      0x1a4 /opt/devkitpro/devkitARM/bin/../lib/gcc/arm-none-eabi/11.1.0/../../../../arm-none-eabi/lib/thumb/libg.a(lib_a-strtoll.o)
 .text._strtoll_r
                0x000000000201d3f4        0xc /opt/devkitpro/devkitARM/bin/../lib/gcc/arm-none-eabi/11.1.0/../../../../arm-none-eabi/lib/thumb/libg.a(lib_a-strtoll.o)
                0x000000000201d3f4                _strtoll_r
 .text._strtoull_l.constprop.0
                0x000000000201d400      0x1c0 /opt/devkitpro/devkitARM/bin/../lib/gcc/arm-none-eabi/11.1.0/../../../../arm-none-eabi/lib/thumb/libg.a(lib_a-strtoull.o)
 .text._strtoull_r
                0x000000000201d5c0        0xc /opt/devkitpro/devkitARM/bin/../lib/gcc/arm-none-eabi/11.1.0/../../../../arm-none-eabi/lib/thumb/libg.a(lib_a-strtoull.o)
                0x000000000201d5c0                _strtoull_r
 .text._strtoul_l.constprop.0
                0x000000000201d5cc      0x148 /opt/devkitpro/devkitARM/bin/../lib/gcc/arm-none-eabi/11.1.0/../../../../arm-none-eabi/lib/thumb/libg.a(lib_a-strtoul.o)
 .text._strtoul_r
                0x000000000201d714        0xc /opt/devkitpro/devkitARM/bin/../lib/gcc/arm-none-eabi/11.1.0/../../../../arm-none-eabi/lib/thumb/libg.a(lib_a-strtoul.o)
                0x000000000201d714                _strtoul_r
 .text.strtoul  0x000000000201d720       0x1c /opt/devkitpro/devkitARM/bin/../lib/gcc/arm-none-eabi/11.1.0/../../../../arm-none-eabi/lib/thumb/libg.a(lib_a-strtoul.o)
                0x000000000201d720                strtoul
 .text.__ssprint_r
                0x000000000201d73c      0x124 /opt/devkitpro/devkitARM/bin/../lib/gcc/arm-none-eabi/11.1.0/../../../../arm-none-eabi/lib/thumb/libg.a(lib_a-svfiprintf.o)
                0x000000000201d73c                __ssprint_r
 .text.towctrans
                0x000000000201d860       0x28 /opt/devkitpro/devkitARM/bin/../lib/gcc/arm-none-eabi/11.1.0/../../../../arm-none-eabi/lib/thumb/libg.a(lib_a-towctrans.o)
                0x000000000201d860                towctrans
 .text._wcsnrtombs_l
                0x000000000201d888      0x110 /opt/devkitpro/devkitARM/bin/../lib/gcc/arm-none-eabi/11.1.0/../../../../arm-none-eabi/lib/thumb/libg.a(lib_a-wcsnrtombs.o)
                0x000000000201d888                _wcsnrtombs_l
 .text._wcsnrtombs_r
                0x000000000201d998       0x30 /opt/devkitpro/devkitARM/bin/../lib/gcc/arm-none-eabi/11.1.0/../../../../arm-none-eabi/lib/thumb/libg.a(lib_a-wcsnrtombs.o)
                0x000000000201d998                _wcsnrtombs_r
 .text.__assert_func
                0x000000000201d9c8       0x40 /opt/devkitpro/devkitARM/bin/../lib/gcc/arm-none-eabi/11.1.0/../../../../arm-none-eabi/lib/thumb/libg.a(lib_a-assert.o)
                0x000000000201d9c8                __assert_func
 .text.__env_lock
                0x000000000201da08       0x14 /opt/devkitpro/devkitARM/bin/../lib/gcc/arm-none-eabi/11.1.0/../../../../arm-none-eabi/lib/thumb/libg.a(lib_a-envlock.o)
                0x000000000201da08                __env_lock
 .text.__env_unlock
                0x000000000201da1c       0x14 /opt/devkitpro/devkitARM/bin/../lib/gcc/arm-none-eabi/11.1.0/../../../../arm-none-eabi/lib/thumb/libg.a(lib_a-envlock.o)
                0x000000000201da1c                __env_unlock
 .text.fiprintf
                0x000000000201da30       0x28 /opt/devkitpro/devkitARM/bin/../lib/gcc/arm-none-eabi/11.1.0/../../../../arm-none-eabi/lib/thumb/libg.a(lib_a-fiprintf.o)
                0x000000000201da30                fiprintf
 .text.iswspace_l
                0x000000000201da58       0x2c /opt/devkitpro/devkitARM/bin/../lib/gcc/arm-none-eabi/11.1.0/../../../../arm-none-eabi/lib/thumb/libg.a(lib_a-iswspace_l.o)
                0x000000000201da58                iswspace_l
 .text.__jp2uc  0x000000000201da84      0x154 /opt/devkitpro/devkitARM/bin/../lib/gcc/arm-none-eabi/11.1.0/../../../../arm-none-eabi/lib/thumb/libg.a(lib_a-jp2uc.o)
 .text._jp2uc_l
                0x000000000201dbd8       0x6c /opt/devkitpro/devkitARM/bin/../lib/gcc/arm-none-eabi/11.1.0/../../../../arm-none-eabi/lib/thumb/libg.a(lib_a-jp2uc.o)
                0x000000000201dbd8                _jp2uc_l
 .text._uc2jp_l
                0x000000000201dc44       0x4c /opt/devkitpro/devkitARM/bin/../lib/gcc/arm-none-eabi/11.1.0/../../../../arm-none-eabi/lib/thumb/libg.a(lib_a-jp2uc.o)
                0x000000000201dc44                _uc2jp_l
 .text.towctrans_l
                0x000000000201dc90      0x1b4 /opt/devkitpro/devkitARM/bin/../lib/gcc/arm-none-eabi/11.1.0/../../../../arm-none-eabi/lib/thumb/libg.a(lib_a-towctrans_l.o)
                0x000000000201dc90                towctrans_l
 .text.abort    0x000000000201de44       0x10 /opt/devkitpro/devkitARM/bin/../lib/gcc/arm-none-eabi/11.1.0/../../../../arm-none-eabi/lib/thumb/libg.a(lib_a-abort.o)
                0x000000000201de44                abort
 .text.category
                0x000000000201de54       0x54 /opt/devkitpro/devkitARM/bin/../lib/gcc/arm-none-eabi/11.1.0/../../../../arm-none-eabi/lib/thumb/libg.a(lib_a-categories.o)
                0x000000000201de54                category
 .text._raise_r
                0x000000000201dea8       0x64 /opt/devkitpro/devkitARM/bin/../lib/gcc/arm-none-eabi/11.1.0/../../../../arm-none-eabi/lib/thumb/libg.a(lib_a-signal.o)
                0x000000000201dea8                _raise_r
 .text.raise    0x000000000201df0c       0x14 /opt/devkitpro/devkitARM/bin/../lib/gcc/arm-none-eabi/11.1.0/../../../../arm-none-eabi/lib/thumb/libg.a(lib_a-signal.o)
                0x000000000201df0c                raise
 .text.null_write
                0x000000000201df20        0x4 /opt/devkitpro/devkitARM/bin/../lib/gcc/arm-none-eabi/11.1.0/../../../../arm-none-eabi/lib/thumb/libsysbase.a(iosupport.o)
 .text.setDefaultDevice
                0x000000000201df24       0x10 /opt/devkitpro/devkitARM/bin/../lib/gcc/arm-none-eabi/11.1.0/../../../../arm-none-eabi/lib/thumb/libsysbase.a(iosupport.o)
                0x000000000201df24                setDefaultDevice
 .text.FindDevice
                0x000000000201df34       0x98 /opt/devkitpro/devkitARM/bin/../lib/gcc/arm-none-eabi/11.1.0/../../../../arm-none-eabi/lib/thumb/libsysbase.a(iosupport.o)
                0x000000000201df34                FindDevice
 .text.AddDevice
                0x000000000201dfcc       0x78 /opt/devkitpro/devkitARM/bin/../lib/gcc/arm-none-eabi/11.1.0/../../../../arm-none-eabi/lib/thumb/libsysbase.a(iosupport.o)
                0x000000000201dfcc                AddDevice
 .text.GetDeviceOpTab
                0x000000000201e044       0x20 /opt/devkitpro/devkitARM/bin/../lib/gcc/arm-none-eabi/11.1.0/../../../../arm-none-eabi/lib/thumb/libsysbase.a(iosupport.o)
                0x000000000201e044                GetDeviceOpTab
 .text._fstat_r
                0x000000000201e064       0x4c /opt/devkitpro/devkitARM/bin/../lib/gcc/arm-none-eabi/11.1.0/../../../../arm-none-eabi/lib/thumb/libsysbase.a(fstat.o)
                0x000000000201e064                _fstat_r
 .text._getpid_r
                0x000000000201e0b0        0xc /opt/devkitpro/devkitARM/bin/../lib/gcc/arm-none-eabi/11.1.0/../../../../arm-none-eabi/lib/thumb/libsysbase.a(getpid.o)
                0x000000000201e0b0                _getpid_r
 .text._gettimeofday_r
                0x000000000201e0bc       0x28 /opt/devkitpro/devkitARM/bin/../lib/gcc/arm-none-eabi/11.1.0/../../../../arm-none-eabi/lib/thumb/libsysbase.a(gettod.o)
                0x000000000201e0bc                _gettimeofday_r
 .text._isatty_r
                0x000000000201e0e4        0x4 /opt/devkitpro/devkitARM/bin/../lib/gcc/arm-none-eabi/11.1.0/../../../../arm-none-eabi/lib/thumb/libsysbase.a(isatty.o)
                0x000000000201e0e4                _isatty_r
 .text._kill_r  0x000000000201e0e8        0xc /opt/devkitpro/devkitARM/bin/../lib/gcc/arm-none-eabi/11.1.0/../../../../arm-none-eabi/lib/thumb/libsysbase.a(kill.o)
                0x000000000201e0e8                _kill_r
 .text._lseek_r
                0x000000000201e0f4       0x5c /opt/devkitpro/devkitARM/bin/../lib/gcc/arm-none-eabi/11.1.0/../../../../arm-none-eabi/lib/thumb/libsysbase.a(lseek.o)
                0x000000000201e0f4                _lseek_r
 .text._open_r  0x000000000201e150       0x9c /opt/devkitpro/devkitARM/bin/../lib/gcc/arm-none-eabi/11.1.0/../../../../arm-none-eabi/lib/thumb/libsysbase.a(open.o)
                0x000000000201e150                _open_r
 .text._read_r  0x000000000201e1ec       0x50 /opt/devkitpro/devkitARM/bin/../lib/gcc/arm-none-eabi/11.1.0/../../../../arm-none-eabi/lib/thumb/libsysbase.a(read.o)
                0x000000000201e1ec                _read_r
 .text._sbrk_r  0x000000000201e23c       0x54 /opt/devkitpro/devkitARM/bin/../lib/gcc/arm-none-eabi/11.1.0/../../../../arm-none-eabi/lib/thumb/libsysbase.a(sbrk.o)
                0x000000000201e23c                _sbrk_r
 .text._write_r
                0x000000000201e290       0x50 /opt/devkitpro/devkitARM/bin/../lib/gcc/arm-none-eabi/11.1.0/../../../../arm-none-eabi/lib/thumb/libsysbase.a(write.o)
                0x000000000201e290                _write_r
 .text._exit    0x000000000201e2e0       0x18 /opt/devkitpro/devkitARM/bin/../lib/gcc/arm-none-eabi/11.1.0/../../../../arm-none-eabi/lib/thumb/libsysbase.a(_exit.o)
                0x000000000201e2e0                _exit
 .text._concatenate_path
                0x000000000201e2f8      0x128 /opt/devkitpro/devkitARM/bin/../lib/gcc/arm-none-eabi/11.1.0/../../../../arm-none-eabi/lib/thumb/libsysbase.a(chdir.o)
                0x000000000201e2f8                _concatenate_path
 .text.chdir    0x000000000201e420       0xf0 /opt/devkitpro/devkitARM/bin/../lib/gcc/arm-none-eabi/11.1.0/../../../../arm-none-eabi/lib/thumb/libsysbase.a(chdir.o)
                0x000000000201e420                chdir
 .text.getcwd   0x000000000201e510       0x60 /opt/devkitpro/devkitARM/bin/../lib/gcc/arm-none-eabi/11.1.0/../../../../arm-none-eabi/lib/thumb/libsysbase.a(chdir.o)
                0x000000000201e510                getcwd
 .text.build_argv
                0x000000000201e570       0x4c /opt/devkitpro/devkitARM/bin/../lib/gcc/arm-none-eabi/11.1.0/../../../../arm-none-eabi/lib/thumb/libsysbase.a(build_argv.o)
                0x000000000201e570                build_argv
 .text.__flockfile
                0x000000000201e5bc       0x10 /opt/devkitpro/devkitARM/bin/../lib/gcc/arm-none-eabi/11.1.0/../../../../arm-none-eabi/lib/thumb/libsysbase.a(flock.o)
                0x000000000201e5bc                __flockfile
 .text.__funlockfile
                0x000000000201e5cc       0x10 /opt/devkitpro/devkitARM/bin/../lib/gcc/arm-none-eabi/11.1.0/../../../../arm-none-eabi/lib/thumb/libsysbase.a(flock.o)
                0x000000000201e5cc                __funlockfile
 .text.__libc_lock_acquire
                0x000000000201e5dc       0x1c /opt/devkitpro/devkitARM/bin/../lib/gcc/arm-none-eabi/11.1.0/../../../../arm-none-eabi/lib/thumb/libsysbase.a(syscall_support.o)
                0x000000000201e5dc                __libc_lock_acquire
 .text.__libc_lock_release
                0x000000000201e5f8       0x1c /opt/devkitpro/devkitARM/bin/../lib/gcc/arm-none-eabi/11.1.0/../../../../arm-none-eabi/lib/thumb/libsysbase.a(syscall_support.o)
                0x000000000201e5f8                __libc_lock_release
 .text.__libc_lock_init_recursive
                0x000000000201e614       0x1c /opt/devkitpro/devkitARM/bin/../lib/gcc/arm-none-eabi/11.1.0/../../../../arm-none-eabi/lib/thumb/libsysbase.a(syscall_support.o)
                0x000000000201e614                __libc_lock_init_recursive
 .text.__libc_lock_acquire_recursive
                0x000000000201e630       0x1c /opt/devkitpro/devkitARM/bin/../lib/gcc/arm-none-eabi/11.1.0/../../../../arm-none-eabi/lib/thumb/libsysbase.a(syscall_support.o)
                0x000000000201e630                __libc_lock_acquire_recursive
 .text.__libc_lock_release_recursive
                0x000000000201e64c       0x1c /opt/devkitpro/devkitARM/bin/../lib/gcc/arm-none-eabi/11.1.0/../../../../arm-none-eabi/lib/thumb/libsysbase.a(syscall_support.o)
                0x000000000201e64c                __libc_lock_release_recursive
 .text.__libc_lock_close_recursive
                0x000000000201e668       0x1c /opt/devkitpro/devkitARM/bin/../lib/gcc/arm-none-eabi/11.1.0/../../../../arm-none-eabi/lib/thumb/libsysbase.a(syscall_support.o)
                0x000000000201e668                __libc_lock_close_recursive
 .text.__release_handle
                0x000000000201e684       0x68 /opt/devkitpro/devkitARM/bin/../lib/gcc/arm-none-eabi/11.1.0/../../../../arm-none-eabi/lib/thumb/libsysbase.a(handle_manager.o)
                0x000000000201e684                __release_handle
 .text.__alloc_handle
                0x000000000201e6ec       0x80 /opt/devkitpro/devkitARM/bin/../lib/gcc/arm-none-eabi/11.1.0/../../../../arm-none-eabi/lib/thumb/libsysbase.a(handle_manager.o)
                0x000000000201e6ec                __alloc_handle
 .text.__get_handle
                0x000000000201e76c       0x34 /opt/devkitpro/devkitARM/bin/../lib/gcc/arm-none-eabi/11.1.0/../../../../arm-none-eabi/lib/thumb/libsysbase.a(handle_manager.o)
                0x000000000201e76c                __get_handle
 .text._close_r
                0x000000000201e7a0       0xb8 /opt/devkitpro/devkitARM/bin/../lib/gcc/arm-none-eabi/11.1.0/../../../../arm-none-eabi/lib/thumb/libsysbase.a(handle_manager.o)
                0x000000000201e7a0                _close_r
 .text.__getreent
                0x000000000201e858       0x28 /opt/devkitpro/devkitARM/bin/../lib/gcc/arm-none-eabi/11.1.0/../../../../arm-none-eabi/lib/thumb/libsysbase.a(getreent.o)
                0x000000000201e858                __getreent
 .text.__getreent.__stub
                0x000000000201e880      0x108 linker stubs
 *(EXCLUDE_FILE(*.twl*) .gnu.warning)
 *(EXCLUDE_FILE(*.twl*) .gnu.linkonce.t*)
 *(.glue_7)
 .glue_7        0x000000000201e998        0x0 linker stubs
 *(.glue_7t)
 .glue_7t       0x000000000201e998        0x0 linker stubs
                0x000000000201e998                . = ALIGN (0x4)

.vfp11_veneer   0x000000000201e998        0x0
 .vfp11_veneer  0x000000000201e998        0x0 linker stubs

.v4_bx          0x000000000201e998        0x0
 .v4_bx         0x000000000201e998        0x0 linker stubs

.iplt           0x000000000201e998        0x0
 .iplt          0x000000000201e998        0x0 /opt/devkitpro/devkitARM/bin/../lib/gcc/arm-none-eabi/11.1.0/../../../../arm-none-eabi/lib/thumb/ds_arm9_crt0.o

.fini           0x000000000201e998        0xc
 *(.fini)
 .fini          0x000000000201e998        0x4 /opt/devkitpro/devkitARM/bin/../lib/gcc/arm-none-eabi/11.1.0/thumb/crti.o
                0x000000000201e998                _fini
 .fini          0x000000000201e99c        0x8 /opt/devkitpro/devkitARM/bin/../lib/gcc/arm-none-eabi/11.1.0/thumb/crtn.o
                0x000000000201e9a4                __text_end = .

.rodata         0x000000000201e9c0     0x9b40
 *(EXCLUDE_FILE(*.twl*) .rodata)
 .rodata        0x000000000201e9c0       0x50 /home/allyson/Desktop/nds_poc/nflib/lib/libnflib.a(nf_basic.o)
 .rodata        0x000000000201ea10      0x170 /home/allyson/Desktop/nds_poc/nflib/lib/libnflib.a(nf_text.o)
 *all.rodata*(*)
 *(EXCLUDE_FILE(*.twl*) .roda)
 *(EXCLUDE_FILE(*.twl*) .rodata.*)
 .rodata.str1.4
                0x000000000201eb80       0xb1 main.o
                                         0xb5 (size before relaxing)
 *fill*         0x000000000201ec31        0x3 ff
 .rodata.str1.4
                0x000000000201ec34       0x27 /home/allyson/Desktop/nds_poc/nflib/lib/libnflib.a(nf_2d.o)
 *fill*         0x000000000201ec5b        0x1 ff
 .rodata.str1.4
                0x000000000201ec5c      0x613 /home/allyson/Desktop/nds_poc/nflib/lib/libnflib.a(nf_basic.o)
                                        0x627 (size before relaxing)
 *fill*         0x000000000201f26f        0x1 ff
 .rodata.str1.4
                0x000000000201f270       0x25 /home/allyson/Desktop/nds_poc/nflib/lib/libnflib.a(nf_text.o)
 *fill*         0x000000000201f295        0x3 ff
 .rodata.str1.4
                0x000000000201f298       0x4c /home/allyson/Desktop/nds_poc/nflib/lib/libnflib.a(nf_tiledbg.o)
                                         0x6c (size before relaxing)
 .rodata.str1.4
                0x000000000201f2e4       0x54 /home/allyson/Desktop/nds_poc/nflib/lib/libnflib.a(nf_sprite256.o)
                                         0x7b (size before relaxing)
 .rodata.nitroFSInit.str1.4
                0x000000000201f338        0x8 /opt/devkitpro/libnds/lib/libfilesystem.a(nitrofs.o)
 .rodata.str1.4
                0x000000000201f338        0xe /opt/devkitpro/libnds/lib/libfilesystem.a(nitrofs.o)
 *fill*         0x000000000201f346        0x2 ff
 .rodata.fatMount.part.0.str1.4
                0x000000000201f348        0x2 /opt/devkitpro/libnds/lib/libfat.a(libfat.o)
 *fill*         0x000000000201f34a        0x2 ff
 .rodata.fatInit.str1.4
                0x000000000201f34c        0x3 /opt/devkitpro/libnds/lib/libfat.a(libfat.o)
 *fill*         0x000000000201f34f        0x1 ff
 .rodata.str1.4
                0x000000000201f350        0x4 /opt/devkitpro/libnds/lib/libfat.a(libfat.o)
 .rodata.dotab_fat
                0x000000000201f354       0x70 /opt/devkitpro/libnds/lib/libfat.a(libfat.o)
 .rodata.str1.4
                0x000000000201f3c4        0x3 /opt/devkitpro/libnds/lib/libfat.a(disc.o)
                                          0x8 (size before relaxing)
 *fill*         0x000000000201f3c7        0x1 ff
 .rodata._FAT_disc_interfaces
                0x000000000201f3c8       0x18 /opt/devkitpro/libnds/lib/libfat.a(disc.o)
                0x000000000201f3c8                _FAT_disc_interfaces
 .rodata._FAT_directory_entryFromPath.str1.4
                0x000000000201f3e0        0x7 /opt/devkitpro/libnds/lib/libfat.a(directory.o)
 .rodata.ILLEGAL_ALIAS_CHARACTERS
                0x000000000201f3e0       0x12 /opt/devkitpro/libnds/lib/libfat.a(directory.o)
 *fill*         0x000000000201f3f2        0x2 ff
 .rodata.ILLEGAL_LFN_CHARACTERS
                0x000000000201f3f4        0xa /opt/devkitpro/libnds/lib/libfat.a(directory.o)
 *fill*         0x000000000201f3fe        0x2 ff
 .rodata.LFN_offset_table
                0x000000000201f400       0x34 /opt/devkitpro/libnds/lib/libfat.a(directory.o)
 .rodata.FAT_SIG
                0x000000000201f434        0x3 /opt/devkitpro/libnds/lib/libfat.a(partition.o)
 *fill*         0x000000000201f437        0x1 ff
 .rodata.FS_TWL_SIG
                0x000000000201f438        0x8 /opt/devkitpro/libnds/lib/libfat.a(partition.o)
 .rodata.con_write.str1.4
                0x000000000201f440       0x30 /opt/devkitpro/libnds/lib/libnds9.a(console.o)
 .rodata.con_write
                0x000000000201f470       0xd4 /opt/devkitpro/libnds/lib/libnds9.a(console.o)
 .rodata.consoleClear.str1.4
                0x000000000201f544        0x5 /opt/devkitpro/libnds/lib/libnds9.a(console.o)
 *fill*         0x000000000201f549        0x3 ff
 .rodata.str1.4
                0x000000000201f54c       0x14 /opt/devkitpro/libnds/lib/libnds9.a(console.o)
 .rodata.dotab_stdout
                0x000000000201f560       0x70 /opt/devkitpro/libnds/lib/libnds9.a(console.o)
 *fill*         0x000000000201f5d0       0x10 ff
 .rodata.default_font_bin
                0x000000000201f5e0     0x2000 /opt/devkitpro/libnds/lib/libnds9.a(default_font.bin.o)
                0x000000000201f5e0                default_font_bin
                0x00000000020215e0                default_font_bin_end
 .rodata.SIN_LUT
                0x00000000020215e0      0x102 /opt/devkitpro/libnds/lib/libnds9.a(trig.o)
                0x00000000020215e0                SIN_LUT
 *fill*         0x00000000020216e2        0x2 ff
 .rodata._ctype_
                0x00000000020216e4      0x101 /opt/devkitpro/devkitARM/bin/../lib/gcc/arm-none-eabi/11.1.0/../../../../arm-none-eabi/lib/thumb/libg.a(lib_a-ctype_.o)
                0x00000000020216e4                _ctype_
 *fill*         0x00000000020217e5        0x3 ff
 .rodata._global_impure_ptr
                0x00000000020217e8        0x4 /opt/devkitpro/devkitARM/bin/../lib/gcc/arm-none-eabi/11.1.0/../../../../arm-none-eabi/lib/thumb/libg.a(lib_a-impure.o)
                0x00000000020217e8                _global_impure_ptr
 .rodata.str1.4
                0x00000000020217ec       0x44 /opt/devkitpro/devkitARM/bin/../lib/gcc/arm-none-eabi/11.1.0/../../../../arm-none-eabi/lib/thumb/libg.a(lib_a-locale.o)
                                         0x4c (size before relaxing)
 .rodata._mbrtowc_r.str1.4
                0x0000000002021830        0x1 /opt/devkitpro/devkitARM/bin/../lib/gcc/arm-none-eabi/11.1.0/../../../../arm-none-eabi/lib/thumb/libg.a(lib_a-mbrtowc.o)
 .rodata.DAYS_IN_MONTH
                0x0000000002021830       0x30 /opt/devkitpro/devkitARM/bin/../lib/gcc/arm-none-eabi/11.1.0/../../../../arm-none-eabi/lib/thumb/libg.a(lib_a-mktime.o)
 .rodata._DAYS_BEFORE_MONTH
                0x0000000002021860       0x30 /opt/devkitpro/devkitARM/bin/../lib/gcc/arm-none-eabi/11.1.0/../../../../arm-none-eabi/lib/thumb/libg.a(lib_a-mktime.o)
 .rodata.__month_lengths
                0x0000000002021890       0x60 /opt/devkitpro/devkitARM/bin/../lib/gcc/arm-none-eabi/11.1.0/../../../../arm-none-eabi/lib/thumb/libg.a(lib_a-month_lengths.o)
                0x0000000002021890                __month_lengths
 .rodata.basefix.0
                0x00000000020218f0       0x22 /opt/devkitpro/devkitARM/bin/../lib/gcc/arm-none-eabi/11.1.0/../../../../arm-none-eabi/lib/thumb/libg.a(lib_a-svfiscanf.o)
 .rodata._svfprintf_r.str1.1
                0x0000000002021912       0x3b /opt/devkitpro/devkitARM/bin/../lib/gcc/arm-none-eabi/11.1.0/../../../../arm-none-eabi/lib/thumb/libg.a(lib_a-svfprintf.o)
 *fill*         0x000000000202194d        0x3 ff
 .rodata.blanks.1
                0x0000000002021950       0x10 /opt/devkitpro/devkitARM/bin/../lib/gcc/arm-none-eabi/11.1.0/../../../../arm-none-eabi/lib/thumb/libg.a(lib_a-svfprintf.o)
 .rodata.zeroes.0
                0x0000000002021960       0x10 /opt/devkitpro/devkitARM/bin/../lib/gcc/arm-none-eabi/11.1.0/../../../../arm-none-eabi/lib/thumb/libg.a(lib_a-svfprintf.o)
 .rodata._tzset_unlocked_r.str1.4
                0x0000000002021970       0x53 /opt/devkitpro/devkitARM/bin/../lib/gcc/arm-none-eabi/11.1.0/../../../../arm-none-eabi/lib/thumb/libg.a(lib_a-tzset_r.o)
 .rodata.str1.4
                0x00000000020219c3        0x4 /opt/devkitpro/devkitARM/bin/../lib/gcc/arm-none-eabi/11.1.0/../../../../arm-none-eabi/lib/thumb/libg.a(lib_a-tzvars.o)
 .rodata._vfiprintf_r.str1.1
                0x00000000020219c3       0x29 /opt/devkitpro/devkitARM/bin/../lib/gcc/arm-none-eabi/11.1.0/../../../../arm-none-eabi/lib/thumb/libg.a(lib_a-vfiprintf.o)
 *fill*         0x00000000020219c3        0x1 ff
 .rodata.blanks.1
                0x00000000020219c4       0x10 /opt/devkitpro/devkitARM/bin/../lib/gcc/arm-none-eabi/11.1.0/../../../../arm-none-eabi/lib/thumb/libg.a(lib_a-vfiprintf.o)
 .rodata.zeroes.0
                0x00000000020219d4       0x10 /opt/devkitpro/devkitARM/bin/../lib/gcc/arm-none-eabi/11.1.0/../../../../arm-none-eabi/lib/thumb/libg.a(lib_a-vfiprintf.o)
 .rodata._dtoa_r.str1.4
                0x00000000020219e4       0x64 /opt/devkitpro/devkitARM/bin/../lib/gcc/arm-none-eabi/11.1.0/../../../../arm-none-eabi/lib/thumb/libg.a(lib_a-dtoa.o)
 .rodata.__multadd.str1.4
                0x0000000002021a48       0x3d /opt/devkitpro/devkitARM/bin/../lib/gcc/arm-none-eabi/11.1.0/../../../../arm-none-eabi/lib/thumb/libg.a(lib_a-mprec.o)
                                         0x51 (size before relaxing)
 *fill*         0x0000000002021a85        0x3 ff
 .rodata.__mprec_bigtens
                0x0000000002021a88       0x28 /opt/devkitpro/devkitARM/bin/../lib/gcc/arm-none-eabi/11.1.0/../../../../arm-none-eabi/lib/thumb/libg.a(lib_a-mprec.o)
                0x0000000002021a88                __mprec_bigtens
 .rodata.__mprec_tens